Microchip MPLAB XC8 Compiler V2.05 ()

Linker command line:

-W-3 --edf=/opt/microchip/xc8/v2.05/pic/dat/en_msgs.txt -cs \
  -h+dist/default/production/Senior1.production.sym \
  --cmf=dist/default/production/Senior1.production.cmf -z -Q16F15345 \
  -o/tmp/xcX0jw86q --defsym=__MPLAB_BUILD=1 \
  -Mdist/default/production/Senior1.production.map -E1 -ver=XC8 \
  --acfsm=1493 -ASTACK=02140h-023EFh -pstack=STACK -ACODE=00h-07FFhx4 \
  -ASTRCODE=00h-01FFFh -ASTRING=00h-0FFhx32 -ACONST=00h-0FFhx32 \
  -AENTRY=00h-0FFhx32 -ACOMMON=070h-07Fh -ABANK0=020h-06Fh \
  -ABANK1=0A0h-0EFh -ABANK2=0120h-016Fh -ABANK3=01A0h-01EFh \
  -ABANK4=0220h-026Fh -ABANK5=02A0h-02EFh -ABANK6=0320h-036Fh \
  -ABANK7=03A0h-03EFh -ABANK8=0420h-046Fh -ABANK9=04A0h-04EFh \
  -ABANK10=0520h-056Fh -ABANK11=05A0h-05EFh -ABANK12=0620h-064Fh \
  -ABIGRAM=02000h-023EFh \
  -ARAM=020h-06Fh,0A0h-0EFh,0120h-016Fh,01A0h-01EFh,0220h-026Fh,02A0h-02EFh,0320h-036Fh,03A0h-03EFh,0420h-046Fh,04A0h-04EFh,0520h-056Fh,05A0h-05EFh,0620h-064Fh \
  -AABS1=020h-07Fh,0A0h-0EFh,0120h-016Fh,01A0h-01EFh,0220h-026Fh,02A0h-02EFh,0320h-036Fh,03A0h-03EFh,0420h-046Fh,04A0h-04EFh,0520h-056Fh,05A0h-05EFh,0620h-064Fh \
  -ASFR0=00h-01Fh -ASFR1=080h-09Fh -ASFR2=0100h-011Fh -ASFR3=0180h-019Fh \
  -ASFR4=0200h-021Fh -ASFR5=0280h-029Fh -ASFR6=0300h-031Fh \
  -ASFR7=0380h-039Fh -ASFR8=0400h-041Fh -ASFR9=0480h-049Fh \
  -ASFR10=0500h-051Fh -ASFR11=0580h-059Fh -ASFR12=0600h-061Fh \
  -ASFR13=0680h-06EFh -ASFR14=0700h-076Fh -ASFR15=0780h-07EFh \
  -ASFR16=0800h-086Fh -ASFR17=0880h-08EFh -ASFR18=0900h-096Fh \
  -ASFR19=0980h-09EFh -ASFR20=0A00h-0A6Fh -ASFR21=0A80h-0AEFh \
  -ASFR22=0B00h-0B6Fh -ASFR23=0B80h-0BEFh -ASFR24=0C00h-0C6Fh \
  -ASFR25=0C80h-0CEFh -ASFR26=0D00h-0D6Fh -ASFR27=0D80h-0DEFh \
  -ASFR28=0E00h-0E6Fh -ASFR29=0E80h-0EEFh -ASFR30=0F00h-0F6Fh \
  -ASFR31=0F80h-0FEFh -ASFR32=01000h-0106Fh -ASFR33=01080h-010EFh \
  -ASFR34=01100h-0116Fh -ASFR35=01180h-011EFh -ASFR36=01200h-0126Fh \
  -ASFR37=01280h-012EFh -ASFR38=01300h-0136Fh -ASFR39=01380h-013EFh \
  -ASFR40=01400h-0146Fh -ASFR41=01480h-014EFh -ASFR42=01500h-0156Fh \
  -ASFR43=01580h-015EFh -ASFR44=01600h-0166Fh -ASFR45=01680h-016EFh \
  -ASFR46=01700h-0176Fh -ASFR47=01780h-017EFh -ASFR48=01800h-0186Fh \
  -ASFR49=01880h-018EFh -ASFR50=01900h-0196Fh -ASFR51=01980h-019EFh \
  -ASFR52=01A00h-01A6Fh -ASFR53=01A80h-01AEFh -ASFR54=01B00h-01B6Fh \
  -ASFR55=01B80h-01BEFh -ASFR56=01C00h-01C6Fh -ASFR57=01C80h-01CEFh \
  -ASFR58=01D00h-01D6Fh -ASFR59=01D80h-01DEFh -ASFR60=01E00h-01E6Fh \
  -ASFR61=01E80h-01EEFh -ASFR62=01F00h-01F6Fh -ASFR63=01F80h-01FEFh \
  -preset_vec=00h,intentry=04h,init,end_init -ppowerup=CODE -pcinit=CODE \
  -pfunctab=ENTRY -ACONFIG=08007h-0800Bh -pconfig=CONFIG -DCONFIG=2 \
  -AIDLOC=08000h-08003h -pidloc=IDLOC -DIDLOC=2 -DCODE=2 -DSTRCODE=2 \
  -DSTRING=2 -DCONST=2 -DENTRY=2 -k /tmp/xcXPdhRSX.o \
  dist/default/production/Senior1.production.o 

Object code version is 3.11

Machine type is 16F15345



                Name                               Link     Load   Length Selector   Space Scale
/tmp/xcXPdhRSX.o
                end_init                             5C       5C        2        8       0
                reset_vec                             0        0        2        0       0
                config                             8007     8007        5    1000E       0
dist/default/production/Senior1.production.o
                cinit                                5E       5E       18        8       0
                intentry                              4        4       58        8       0
                text32                             12EB     12EB        8     25D6       0
                text31                             176B     176B       95     2ED6       0
                text30                             1561     1561       51     2AC2       0
                text29                             1436     1436       45     286C       0
                text28                              8D8      8D8      17A     11B0       0
                text27                             147B     147B       48     28F6       0
                text26                              783      783       7C        8       0
                text25                             1363     1363       1F     26C6       0
                text24                              DD4      DD4      22C     1BA8       0
                text23                             12F3     12F3        9     25E6       0
                text22                              BEB      BEB      1E9     17D6       0
                text21                             1382     1382       1F     2704       0
                text20                             160C     160C       65     2C18       0
                text19                             1671     1671       78     2CE2       0
                text18                              6AB      6AB       D8        8       0
                text17                             12FC     12FC        B     25F8       0
                text16                              804      804       35     1008       0
                text15                             13E1     13E1       26     27C2       0
                text14                             1332     1332       18     2664       0
                text13                             1511     1511       50     2A22       0
                text12                             13A1     13A1       1F     2742       0
                text11                             131B     131B       17     2636       0
                text10                             13C0     13C0       21     2780       0
                text9                                76       76      635        8       0
                text8                              14C3     14C3       4E     2986       0
                text7                               A52      A52      199     14A4       0
                text6                              1407     1407       2F     280E       0
                text5                              1307     1307       14     260E       0
                text3                               839      839       9F     1072       0
                text2                              16E9     16E9       82     2DD2       0
                text1                              15B2     15B2       5A     2B64       0
                maintext                           134A     134A       19     2694       0
                cstackBANK0                          20       20       50       20       1
                cstackCOMMON                         70       70        E       70       1
                cstackBANK1                          A0       A0       43       A0       1
                cstackBANK2                         120      120       25      120       1
                clrtext                            12E5     12E5        6     25CA       0
                bssBANK3                            1A0      1A0       50      1A0       1
                bssBANK2                            145      145        4      120       1
                bssBANK1                             E3       E3        C       A0       1
                stringtext7                        181A     181A        3     3000       0
                stringtext6                        1817     1817        3     3000       0
                stringtext5                        1813     1813        4     3000       0
                stringtext4                        180F     180F        4     3000       0
                stringtext3                        180B     180B        4     3000       0
                stringtext2                        1807     1807        4     3000       0
                stringtext1                        1800     1800        7     3000       0

TOTAL           Name                               Link     Load   Length     Space
        CLASS   STACK          

        CLASS   CODE           
                end_init                             5C       5C        2         0
                cinit                                5E       5E       18         0
                intentry                              4        4       58         0
                reset_vec                             0        0        2         0
                text32                             12EB     12EB        8         0
                text31                             176B     176B       95         0
                text30                             1561     1561       51         0
                text29                             1436     1436       45         0
                text28                              8D8      8D8      17A         0
                text27                             147B     147B       48         0
                text26                              783      783       7C         0
                text25                             1363     1363       1F         0
                text24                              DD4      DD4      22C         0
                text23                             12F3     12F3        9         0
                text22                              BEB      BEB      1E9         0
                text21                             1382     1382       1F         0
                text20                             160C     160C       65         0
                text19                             1671     1671       78         0
                text18                              6AB      6AB       D8         0
                text17                             12FC     12FC        B         0
                text16                              804      804       35         0
                text15                             13E1     13E1       26         0
                text14                             1332     1332       18         0
                text13                             1511     1511       50         0
                text12                             13A1     13A1       1F         0
                text11                             131B     131B       17         0
                text10                             13C0     13C0       21         0
                text9                                76       76      635         0
                text8                              14C3     14C3       4E         0
                text7                               A52      A52      199         0
                text6                              1407     1407       2F         0
                text5                              1307     1307       14         0
                text3                               839      839       9F         0
                text2                              16E9     16E9       82         0
                text1                              15B2     15B2       5A         0
                maintext                           134A     134A       19         0
                clrtext                            12E5     12E5        6         0

        CLASS   STRCODE        
                stringtext7                        181A     181A        3         0
                stringtext6                        1817     1817        3         0
                stringtext5                        1813     1813        4         0
                stringtext4                        180F     180F        4         0
                stringtext3                        180B     180B        4         0
                stringtext2                        1807     1807        4         0
                stringtext1                        1800     1800        7         0

        CLASS   STRING         

        CLASS   CONST          

        CLASS   ENTRY          

        CLASS   COMMON         
                cstackCOMMON                         70       70        E         1

        CLASS   BANK0          
                cstackBANK0                          20       20       50         1

        CLASS   BANK1          
                cstackBANK1                          A0       A0       43         1
                bssBANK1                             E3       E3        C         1

        CLASS   BANK2          
                cstackBANK2                         120      120       25         1
                bssBANK2                            145      145        4         1

        CLASS   BANK3          
                bssBANK3                            1A0      1A0       50         1

        CLASS   BANK4          

        CLASS   BANK5          

        CLASS   BANK6          

        CLASS   BANK7          

        CLASS   BANK8          

        CLASS   BANK9          

        CLASS   BANK10         

        CLASS   BANK11         

        CLASS   BANK12         

        CLASS   BIGRAM         

        CLASS   RAM            

        CLASS   ABS1           
                abs_s1                               7E       7E        2         1

        CLASS   SFR0           

        CLASS   SFR1           

        CLASS   SFR2           

        CLASS   SFR3           

        CLASS   SFR4           

        CLASS   SFR5           

        CLASS   SFR6           

        CLASS   SFR7           

        CLASS   SFR8           

        CLASS   SFR9           

        CLASS   SFR10          

        CLASS   SFR11          

        CLASS   SFR12          

        CLASS   SFR13          

        CLASS   SFR14          

        CLASS   SFR15          

        CLASS   SFR16          

        CLASS   SFR17          

        CLASS   SFR18          

        CLASS   SFR19          

        CLASS   SFR20          

        CLASS   SFR21          

        CLASS   SFR22          

        CLASS   SFR23          

        CLASS   SFR24          

        CLASS   SFR25          

        CLASS   SFR26          

        CLASS   SFR27          

        CLASS   SFR28          

        CLASS   SFR29          

        CLASS   SFR30          

        CLASS   SFR31          

        CLASS   SFR32          

        CLASS   SFR33          

        CLASS   SFR34          

        CLASS   SFR35          

        CLASS   SFR36          

        CLASS   SFR37          

        CLASS   SFR38          

        CLASS   SFR39          

        CLASS   SFR40          

        CLASS   SFR41          

        CLASS   SFR42          

        CLASS   SFR43          

        CLASS   SFR44          

        CLASS   SFR45          

        CLASS   SFR46          

        CLASS   SFR47          

        CLASS   SFR48          

        CLASS   SFR49          

        CLASS   SFR50          

        CLASS   SFR51          

        CLASS   SFR52          

        CLASS   SFR53          

        CLASS   SFR54          

        CLASS   SFR55          

        CLASS   SFR56          

        CLASS   SFR57          

        CLASS   SFR58          

        CLASS   SFR59          

        CLASS   SFR60          

        CLASS   SFR61          

        CLASS   SFR62          

        CLASS   SFR63          

        CLASS   CONFIG         
                config                             8007     8007        5         0

        CLASS   IDLOC          

        CLASS   BANK63         

        CLASS   BANK62         

        CLASS   BANK61         

        CLASS   BANK60         

        CLASS   BANK59         

        CLASS   BANK58         

        CLASS   BANK57         

        CLASS   BANK56         

        CLASS   BANK55         

        CLASS   BANK54         

        CLASS   BANK53         

        CLASS   BANK52         

        CLASS   BANK51         

        CLASS   BANK50         

        CLASS   BANK49         

        CLASS   BANK48         

        CLASS   BANK47         

        CLASS   BANK46         

        CLASS   BANK45         

        CLASS   BANK44         

        CLASS   BANK43         

        CLASS   BANK42         

        CLASS   BANK41         

        CLASS   BANK40         

        CLASS   BANK39         

        CLASS   BANK38         

        CLASS   BANK37         

        CLASS   BANK36         

        CLASS   BANK35         

        CLASS   BANK34         

        CLASS   BANK33         

        CLASS   BANK32         

        CLASS   BANK31         

        CLASS   BANK30         

        CLASS   BANK29         

        CLASS   BANK28         

        CLASS   BANK27         

        CLASS   BANK26         

        CLASS   BANK25         

        CLASS   BANK24         

        CLASS   BANK23         

        CLASS   BANK22         

        CLASS   BANK21         

        CLASS   BANK20         

        CLASS   BANK19         

        CLASS   BANK18         

        CLASS   BANK17         

        CLASS   BANK16         

        CLASS   BANK15         

        CLASS   BANK14         

        CLASS   BANK13         

        CLASS   EEDATA         



SEGMENTS        Name                           Load    Length   Top    Selector   Space  Class     Delta

                reset_vec                      000000  000002  000002         0       0  CODE        2
                intentry                       000004  0007FB  0007FF         8       0  CODE        2
                cstackBANK0                    000020  000050  000070        20       1  BANK0       1
                cstackCOMMON                   000070  00000E  00007E        70       1  COMMON      1
                cstackBANK1                    0000A0  00004F  0000EF        A0       1  BANK1       1
                cstackBANK2                    000120  000029  000149       120       1  BANK2       1
                bssBANK3                       0001A0  000050  0001F0       1A0       1  BANK3       1
                text16                         000804  000035  000839      1008       0  CODE        2
                text3                          000839  00009F  0008D8      1072       0  CODE        2
                text28                         0008D8  00017A  000A52      11B0       0  CODE        2
                text7                          000A52  000199  000BEB      14A4       0  CODE        2
                text22                         000BEB  0001E9  000DD4      17D6       0  CODE        2
                text24                         000DD4  00022C  001000      1BA8       0  CODE        2
                clrtext                        0012E5  000006  0012EB      25CA       0  CODE        2
                text32                         0012EB  000008  0012F3      25D6       0  CODE        2
                text23                         0012F3  000009  0012FC      25E6       0  CODE        2
                text17                         0012FC  00000B  001307      25F8       0  CODE        2
                text5                          001307  000014  00131B      260E       0  CODE        2
                text11                         00131B  000017  001332      2636       0  CODE        2
                text14                         001332  000018  00134A      2664       0  CODE        2
                maintext                       00134A  000019  001363      2694       0  CODE        2
                text25                         001363  00001F  001382      26C6       0  CODE        2
                text21                         001382  00001F  0013A1      2704       0  CODE        2
                text12                         0013A1  00001F  0013C0      2742       0  CODE        2
                text10                         0013C0  000021  0013E1      2780       0  CODE        2
                text15                         0013E1  000026  001407      27C2       0  CODE        2
                text6                          001407  00002F  001436      280E       0  CODE        2
                text29                         001436  000045  00147B      286C       0  CODE        2
                text27                         00147B  000048  0014C3      28F6       0  CODE        2
                text8                          0014C3  00004E  001511      2986       0  CODE        2
                text13                         001511  000050  001561      2A22       0  CODE        2
                text30                         001561  000051  0015B2      2AC2       0  CODE        2
                text1                          0015B2  00005A  00160C      2B64       0  CODE        2
                text20                         00160C  000065  001671      2C18       0  CODE        2
                text19                         001671  000078  0016E9      2CE2       0  CODE        2
                text2                          0016E9  000082  00176B      2DD2       0  CODE        2
                text31                         00176B  000095  001800      2ED6       0  CODE        2
                stringtext1                    001800  00001D  00181D      3000       0  STRCODE     2
                config                         008007  000005  00800C     1000E       0  CONFIG      2


UNUSED ADDRESS RANGES

        Name                Unused          Largest block    Delta
        BANK1            000EF-000EF               1           1
        BANK10           00520-0056F              50           1
        BANK11           005A0-005EF              50           1
        BANK12           00620-0064F              30           1
        BANK2            00149-0016F              27           1
        BANK4            00220-0026F              50           1
        BANK5            002A0-002EF              50           1
        BANK6            00320-0036F              50           1
        BANK7            003A0-003EF              50           1
        BANK8            00420-0046F              50           1
        BANK9            004A0-004EF              50           1
        BIGRAM           02000-023EF             3F0           1
        CODE             00002-00003               2           2
                         007FF-00803               1
                         01000-012E4             2E5
                         0181D-01FFF             7E3
        CONST            00002-00003               2           2
                         007FF-00803               1
                         01000-012E4             100
                         0181D-01FFF             100
        ENTRY            00002-00003               2           2
                         007FF-00803               1
                         01000-012E4             100
                         0181D-01FFF             100
        IDLOC            08000-08003               4           2
        RAM              000EF-000EF               1           1
                         00149-0016F              27
                         00220-0026F              50
                         002A0-002EF              50
                         00320-0036F              50
                         003A0-003EF              50
                         00420-0046F              50
                         004A0-004EF              50
                         00520-0056F              50
                         005A0-005EF              50
                         00620-0064F              30
        SFR0             00000-0001F              20           1
        SFR1             00080-0009F              20           1
        SFR10            00500-0051F              20           1
        SFR11            00580-0059F              20           1
        SFR12            00600-0061F              20           1
        SFR13            00680-006EF              70           1
        SFR14            00700-0076F              70           1
        SFR15            00780-007EF              70           1
        SFR16            00800-0086F              70           1
        SFR17            00880-008EF              70           1
        SFR18            00900-0096F              70           1
        SFR19            00980-009EF              70           1
        SFR2             00100-0011F              20           1
        SFR20            00A00-00A6F              70           1
        SFR21            00A80-00AEF              70           1
        SFR22            00B00-00B6F              70           1
        SFR23            00B80-00BEF              70           1
        SFR24            00C00-00C6F              70           1
        SFR25            00C80-00CEF              70           1
        SFR26            00D00-00D6F              70           1
        SFR27            00D80-00DEF              70           1
        SFR28            00E00-00E6F              70           1
        SFR29            00E80-00EEF              70           1
        SFR3             00180-0019F              20           1
        SFR30            00F00-00F6F              70           1
        SFR31            00F80-00FEF              70           1
        SFR32            01000-0106F              70           1
        SFR33            01080-010EF              70           1
        SFR34            01100-0116F              70           1
        SFR35            01180-011EF              70           1
        SFR36            01200-0126F              70           1
        SFR37            01280-012EF              70           1
        SFR38            01300-0136F              70           1
        SFR39            01380-013EF              70           1
        SFR4             00200-0021F              20           1
        SFR40            01400-0146F              70           1
        SFR41            01480-014EF              70           1
        SFR42            01500-0156F              70           1
        SFR43            01580-015EF              70           1
        SFR44            01600-0166F              70           1
        SFR45            01680-016EF              70           1
        SFR46            01700-0176F              70           1
        SFR47            01780-017EF              70           1
        SFR48            01800-0186F              70           1
        SFR49            01880-018EF              70           1
        SFR5             00280-0029F              20           1
        SFR50            01900-0196F              70           1
        SFR51            01980-019EF              70           1
        SFR52            01A00-01A6F              70           1
        SFR53            01A80-01AEF              70           1
        SFR54            01B00-01B6F              70           1
        SFR55            01B80-01BEF              70           1
        SFR56            01C00-01C6F              70           1
        SFR57            01C80-01CEF              70           1
        SFR58            01D00-01D6F              70           1
        SFR59            01D80-01DEF              70           1
        SFR6             00300-0031F              20           1
        SFR60            01E00-01E6F              70           1
        SFR61            01E80-01EEF              70           1
        SFR62            01F00-01F6F              70           1
        SFR63            01F80-01FEF              70           1
        SFR7             00380-0039F              20           1
        SFR8             00400-0041F              20           1
        SFR9             00480-0049F              20           1
        STACK            02140-023EF             2B0           1
        STRCODE          00002-00003               2           2
                         007FF-00803               5
                         01000-012E4             2E5
                         0181D-01FFF             7E3
        STRING           00002-00003               2           2
                         007FF-00803               1
                         01000-012E4             100
                         0181D-01FFF             100

                                  Symbol Table

?_ADC_read               cstackCOMMON 00070
?__Umul8_16              cstackCOMMON 00070
?___aldiv                cstackBANK2  00120
?___awdiv                cstackCOMMON 00070
?___awmod                cstackCOMMON 00070
?___fladd                cstackCOMMON 00070
?___fldiv                cstackCOMMON 00070
?___flmul                cstackBANK0  00020
?___flneg                cstackCOMMON 00070
?___flsub                cstackBANK0  0003A
?___fltol                cstackCOMMON 00070
?___fpclassifyf          cstackCOMMON 00070
?___xxtofl               cstackCOMMON 00070
?_efgtoa                 cstackBANK0  00046
?_floorf                 cstackBANK0  0002D
?_isupper                cstackCOMMON 00070
?_pad                    cstackBANK0  00024
?_printf                 cstackBANK0  0006A
?_strlen                 cstackCOMMON 00070
?_strncmp                cstackCOMMON 00070
?_tolower                cstackCOMMON 00076
?_vfpfcnvrt              cstackBANK0  0004F
?_vfprintf               cstackBANK0  00062
ADC_init@block           cstackBANK2  00124
ADC_init@chan            cstackBANK2  00125
ADC_init@pin             cstackBANK2  00120
ADC_init@pinNum          cstackBANK2  00126
UART_Recieve@adc_out     cstackBANK1  000E1
UART_Recieve@decimalADC  cstackBANK1  000DD
_ADCON0                  (abs)        0009D
_ADCON0bits              (abs)        0009D
_ADCON1                  (abs)        0009E
_ADC_init                text3        00839
_ADC_read                text32       012EB
_ADRESH                  (abs)        0009C
_ADRESL                  (abs)        0009B
_ANSELA                  (abs)        01F38
_ANSELB                  (abs)        01F43
_ANSELC                  (abs)        01F4E
_BAUD1CON                (abs)        0011F
_INTCONbits              (abs)        0000B
_PEIE                    (abs)        0005E
_PIE1bits                (abs)        00717
_PIR1bits                (abs)        0070D
_RC1IE                   (abs)        038CD
_RC1IF                   (abs)        0387D
_RC1REG                  (abs)        00119
_RC1STA                  (abs)        0011D
_RC5PPS                  (abs)        01F25
_RCSTAbits               (abs)        0011D
_RX1DTPPS                (abs)        01ECB
_SPBRG                   (abs)        0011B
_TRISA                   (abs)        00012
_TRISB                   (abs)        00013
_TRISC                   (abs)        00014
_TX1STA                  (abs)        0011E
_TX1STAbits              (abs)        0011E
_TXREG                   (abs)        0011A
_TXSTA                   (abs)        0011E
_UART_Recieve            intentry     00004
__CFG_BBEN$OFF           (abs)        00000
__CFG_BBSIZE$BB512       (abs)        00000
__CFG_BOREN$ON           (abs)        00000
__CFG_BORV$LO            (abs)        00000
__CFG_CLKOUTEN$OFF       (abs)        00000
__CFG_CP$OFF             (abs)        00000
__CFG_CSWEN$ON           (abs)        00000
__CFG_FCMEN$ON           (abs)        00000
__CFG_FEXTOSC$OFF        (abs)        00000
__CFG_LPBOREN$OFF        (abs)        00000
__CFG_LVP$ON             (abs)        00000
__CFG_MCLRE$ON           (abs)        00000
__CFG_PPS1WAY$ON         (abs)        00000
__CFG_PWRTE$OFF          (abs)        00000
__CFG_RSTOSC$HFINT32     (abs)        00000
__CFG_SAFEN$OFF          (abs)        00000
__CFG_STVREN$ON          (abs)        00000
__CFG_WDTCCS$SC          (abs)        00000
__CFG_WDTCPS$WDTCPS_31   (abs)        00000
__CFG_WDTCWS$WDTCWS_7    (abs)        00000
__CFG_WDTE$NSLEEP        (abs)        00000
__CFG_WRTAPP$OFF         (abs)        00000
__CFG_WRTB$OFF           (abs)        00000
__CFG_WRTC$OFF           (abs)        00000
__CFG_WRTSAF$OFF         (abs)        00000
__CFG_ZCD$OFF            (abs)        00000
__Habs1                  abs1         00000
__Hbank0                 bank0        00000
__Hbank1                 bank1        00000
__Hbank10                bank10       00000
__Hbank11                bank11       00000
__Hbank12                bank12       00000
__Hbank13                bank13       00000
__Hbank14                bank14       00000
__Hbank15                bank15       00000
__Hbank16                bank16       00000
__Hbank17                bank17       00000
__Hbank18                bank18       00000
__Hbank19                bank19       00000
__Hbank2                 bank2        00000
__Hbank20                bank20       00000
__Hbank21                bank21       00000
__Hbank22                bank22       00000
__Hbank23                bank23       00000
__Hbank24                bank24       00000
__Hbank25                bank25       00000
__Hbank26                bank26       00000
__Hbank27                bank27       00000
__Hbank28                bank28       00000
__Hbank29                bank29       00000
__Hbank3                 bank3        00000
__Hbank30                bank30       00000
__Hbank31                bank31       00000
__Hbank32                bank32       00000
__Hbank33                bank33       00000
__Hbank34                bank34       00000
__Hbank35                bank35       00000
__Hbank36                bank36       00000
__Hbank37                bank37       00000
__Hbank38                bank38       00000
__Hbank39                bank39       00000
__Hbank4                 bank4        00000
__Hbank40                bank40       00000
__Hbank41                bank41       00000
__Hbank42                bank42       00000
__Hbank43                bank43       00000
__Hbank44                bank44       00000
__Hbank45                bank45       00000
__Hbank46                bank46       00000
__Hbank47                bank47       00000
__Hbank48                bank48       00000
__Hbank49                bank49       00000
__Hbank5                 bank5        00000
__Hbank50                bank50       00000
__Hbank51                bank51       00000
__Hbank52                bank52       00000
__Hbank53                bank53       00000
__Hbank54                bank54       00000
__Hbank55                bank55       00000
__Hbank56                bank56       00000
__Hbank57                bank57       00000
__Hbank58                bank58       00000
__Hbank59                bank59       00000
__Hbank6                 bank6        00000
__Hbank60                bank60       00000
__Hbank61                bank61       00000
__Hbank62                bank62       00000
__Hbank63                bank63       00000
__Hbank7                 bank7        00000
__Hbank8                 bank8        00000
__Hbank9                 bank9        00000
__Hbigram                bigram       00000
__HbssBANK1              bssBANK1     00000
__HbssBANK2              bssBANK2     00000
__HbssBANK3              bssBANK3     00000
__Hcinit                 cinit        00076
__Hclrtext               clrtext      00000
__Hcode                  code         00000
__Hcommon                common       00000
__Hconfig                config       0800C
__HcstackBANK0           cstackBANK0  00000
__HcstackBANK1           cstackBANK1  00000
__HcstackBANK2           cstackBANK2  00000
__HcstackCOMMON          cstackCOMMON 00000
__Heeprom_data           eeprom_data  00000
__Hend_init              end_init     0005E
__Hfunctab               functab      00000
__Hidloc                 idloc        00000
__Hinit                  init         0005C
__Hintentry              intentry     0005C
__Hmaintext              maintext     00000
__Hpowerup               powerup      00000
__Hram                   ram          00000
__Hreset_vec             reset_vec    00002
__Hsfr0                  sfr0         00000
__Hsfr1                  sfr1         00000
__Hsfr10                 sfr10        00000
__Hsfr11                 sfr11        00000
__Hsfr12                 sfr12        00000
__Hsfr13                 sfr13        00000
__Hsfr14                 sfr14        00000
__Hsfr15                 sfr15        00000
__Hsfr16                 sfr16        00000
__Hsfr17                 sfr17        00000
__Hsfr18                 sfr18        00000
__Hsfr19                 sfr19        00000
__Hsfr2                  sfr2         00000
__Hsfr20                 sfr20        00000
__Hsfr21                 sfr21        00000
__Hsfr22                 sfr22        00000
__Hsfr23                 sfr23        00000
__Hsfr24                 sfr24        00000
__Hsfr25                 sfr25        00000
__Hsfr26                 sfr26        00000
__Hsfr27                 sfr27        00000
__Hsfr28                 sfr28        00000
__Hsfr29                 sfr29        00000
__Hsfr3                  sfr3         00000
__Hsfr30                 sfr30        00000
__Hsfr31                 sfr31        00000
__Hsfr32                 sfr32        00000
__Hsfr33                 sfr33        00000
__Hsfr34                 sfr34        00000
__Hsfr35                 sfr35        00000
__Hsfr36                 sfr36        00000
__Hsfr37                 sfr37        00000
__Hsfr38                 sfr38        00000
__Hsfr39                 sfr39        00000
__Hsfr4                  sfr4         00000
__Hsfr40                 sfr40        00000
__Hsfr41                 sfr41        00000
__Hsfr42                 sfr42        00000
__Hsfr43                 sfr43        00000
__Hsfr44                 sfr44        00000
__Hsfr45                 sfr45        00000
__Hsfr46                 sfr46        00000
__Hsfr47                 sfr47        00000
__Hsfr48                 sfr48        00000
__Hsfr49                 sfr49        00000
__Hsfr5                  sfr5         00000
__Hsfr50                 sfr50        00000
__Hsfr51                 sfr51        00000
__Hsfr52                 sfr52        00000
__Hsfr53                 sfr53        00000
__Hsfr54                 sfr54        00000
__Hsfr55                 sfr55        00000
__Hsfr56                 sfr56        00000
__Hsfr57                 sfr57        00000
__Hsfr58                 sfr58        00000
__Hsfr59                 sfr59        00000
__Hsfr6                  sfr6         00000
__Hsfr60                 sfr60        00000
__Hsfr61                 sfr61        00000
__Hsfr62                 sfr62        00000
__Hsfr63                 sfr63        00000
__Hsfr7                  sfr7         00000
__Hsfr8                  sfr8         00000
__Hsfr9                  sfr9         00000
__Hspace_0               (abs)        0800C
__Hspace_1               (abs)        001F0
__Hspace_2               (abs)        00000
__Hspace_3               (abs)        00000
__Hstack                 stack        00000
__Hstrings               strings      00000
__Hstringtext1           stringtext1  00000
__Hstringtext2           stringtext2  00000
__Hstringtext3           stringtext3  00000
__Hstringtext4           stringtext4  00000
__Hstringtext5           stringtext5  00000
__Hstringtext6           stringtext6  00000
__Hstringtext7           stringtext7  00000
__Hstringtext8           stringtext8  00000
__Htext                  text         00000
__Labs1                  abs1         00000
__Lbank0                 bank0        00000
__Lbank1                 bank1        00000
__Lbank10                bank10       00000
__Lbank11                bank11       00000
__Lbank12                bank12       00000
__Lbank13                bank13       00000
__Lbank14                bank14       00000
__Lbank15                bank15       00000
__Lbank16                bank16       00000
__Lbank17                bank17       00000
__Lbank18                bank18       00000
__Lbank19                bank19       00000
__Lbank2                 bank2        00000
__Lbank20                bank20       00000
__Lbank21                bank21       00000
__Lbank22                bank22       00000
__Lbank23                bank23       00000
__Lbank24                bank24       00000
__Lbank25                bank25       00000
__Lbank26                bank26       00000
__Lbank27                bank27       00000
__Lbank28                bank28       00000
__Lbank29                bank29       00000
__Lbank3                 bank3        00000
__Lbank30                bank30       00000
__Lbank31                bank31       00000
__Lbank32                bank32       00000
__Lbank33                bank33       00000
__Lbank34                bank34       00000
__Lbank35                bank35       00000
__Lbank36                bank36       00000
__Lbank37                bank37       00000
__Lbank38                bank38       00000
__Lbank39                bank39       00000
__Lbank4                 bank4        00000
__Lbank40                bank40       00000
__Lbank41                bank41       00000
__Lbank42                bank42       00000
__Lbank43                bank43       00000
__Lbank44                bank44       00000
__Lbank45                bank45       00000
__Lbank46                bank46       00000
__Lbank47                bank47       00000
__Lbank48                bank48       00000
__Lbank49                bank49       00000
__Lbank5                 bank5        00000
__Lbank50                bank50       00000
__Lbank51                bank51       00000
__Lbank52                bank52       00000
__Lbank53                bank53       00000
__Lbank54                bank54       00000
__Lbank55                bank55       00000
__Lbank56                bank56       00000
__Lbank57                bank57       00000
__Lbank58                bank58       00000
__Lbank59                bank59       00000
__Lbank6                 bank6        00000
__Lbank60                bank60       00000
__Lbank61                bank61       00000
__Lbank62                bank62       00000
__Lbank63                bank63       00000
__Lbank7                 bank7        00000
__Lbank8                 bank8        00000
__Lbank9                 bank9        00000
__Lbigram                bigram       00000
__LbssBANK1              bssBANK1     00000
__LbssBANK2              bssBANK2     00000
__LbssBANK3              bssBANK3     00000
__Lcinit                 cinit        0005E
__Lclrtext               clrtext      00000
__Lcode                  code         00000
__Lcommon                common       00000
__Lconfig                config       08007
__LcstackBANK0           cstackBANK0  00000
__LcstackBANK1           cstackBANK1  00000
__LcstackBANK2           cstackBANK2  00000
__LcstackCOMMON          cstackCOMMON 00000
__Leeprom_data           eeprom_data  00000
__Lend_init              end_init     0005C
__Lfunctab               functab      00000
__Lidloc                 idloc        00000
__Linit                  init         0005C
__Lintentry              intentry     00004
__Lmaintext              maintext     00000
__Lpowerup               powerup      00000
__Lram                   ram          00000
__Lreset_vec             reset_vec    00000
__Lsfr0                  sfr0         00000
__Lsfr1                  sfr1         00000
__Lsfr10                 sfr10        00000
__Lsfr11                 sfr11        00000
__Lsfr12                 sfr12        00000
__Lsfr13                 sfr13        00000
__Lsfr14                 sfr14        00000
__Lsfr15                 sfr15        00000
__Lsfr16                 sfr16        00000
__Lsfr17                 sfr17        00000
__Lsfr18                 sfr18        00000
__Lsfr19                 sfr19        00000
__Lsfr2                  sfr2         00000
__Lsfr20                 sfr20        00000
__Lsfr21                 sfr21        00000
__Lsfr22                 sfr22        00000
__Lsfr23                 sfr23        00000
__Lsfr24                 sfr24        00000
__Lsfr25                 sfr25        00000
__Lsfr26                 sfr26        00000
__Lsfr27                 sfr27        00000
__Lsfr28                 sfr28        00000
__Lsfr29                 sfr29        00000
__Lsfr3                  sfr3         00000
__Lsfr30                 sfr30        00000
__Lsfr31                 sfr31        00000
__Lsfr32                 sfr32        00000
__Lsfr33                 sfr33        00000
__Lsfr34                 sfr34        00000
__Lsfr35                 sfr35        00000
__Lsfr36                 sfr36        00000
__Lsfr37                 sfr37        00000
__Lsfr38                 sfr38        00000
__Lsfr39                 sfr39        00000
__Lsfr4                  sfr4         00000
__Lsfr40                 sfr40        00000
__Lsfr41                 sfr41        00000
__Lsfr42                 sfr42        00000
__Lsfr43                 sfr43        00000
__Lsfr44                 sfr44        00000
__Lsfr45                 sfr45        00000
__Lsfr46                 sfr46        00000
__Lsfr47                 sfr47        00000
__Lsfr48                 sfr48        00000
__Lsfr49                 sfr49        00000
__Lsfr5                  sfr5         00000
__Lsfr50                 sfr50        00000
__Lsfr51                 sfr51        00000
__Lsfr52                 sfr52        00000
__Lsfr53                 sfr53        00000
__Lsfr54                 sfr54        00000
__Lsfr55                 sfr55        00000
__Lsfr56                 sfr56        00000
__Lsfr57                 sfr57        00000
__Lsfr58                 sfr58        00000
__Lsfr59                 sfr59        00000
__Lsfr6                  sfr6         00000
__Lsfr60                 sfr60        00000
__Lsfr61                 sfr61        00000
__Lsfr62                 sfr62        00000
__Lsfr63                 sfr63        00000
__Lsfr7                  sfr7         00000
__Lsfr8                  sfr8         00000
__Lsfr9                  sfr9         00000
__Lspace_0               (abs)        00000
__Lspace_1               (abs)        00000
__Lspace_2               (abs)        00000
__Lspace_3               (abs)        00000
__Lstack                 stack        00000
__Lstrings               strings      00000
__Lstringtext1           stringtext1  00000
__Lstringtext2           stringtext2  00000
__Lstringtext3           stringtext3  00000
__Lstringtext4           stringtext4  00000
__Lstringtext5           stringtext5  00000
__Lstringtext6           stringtext6  00000
__Lstringtext7           stringtext7  00000
__Lstringtext8           stringtext8  00000
__Ltext                  text         00000
__S0                     (abs)        0800C
__S1                     (abs)        001F0
__S2                     (abs)        00000
__Umul8_16               text25       01363
__Umul8_16@multiplicand  cstackCOMMON 00070
__Umul8_16@multiplier    cstackCOMMON 00078
__Umul8_16@product       cstackCOMMON 00074
__Umul8_16@word_mpld     cstackCOMMON 00076
___aldiv                 text2        016E9
___aldiv@counter         cstackBANK2  00129
___aldiv@dividend        cstackBANK2  00124
___aldiv@divisor         cstackBANK2  00120
___aldiv@quotient        cstackBANK2  0012B
___aldiv@sign            cstackBANK2  0012A
___awdiv                 text30       01561
___awdiv@counter         cstackCOMMON 00075
___awdiv@dividend        cstackCOMMON 00072
___awdiv@divisor         cstackCOMMON 00070
___awdiv@quotient        cstackCOMMON 00077
___awdiv@sign            cstackCOMMON 00076
___awmod                 text29       01436
___awmod@counter         cstackCOMMON 00075
___awmod@dividend        cstackCOMMON 00072
___awmod@divisor         cstackCOMMON 00070
___awmod@sign            cstackCOMMON 00076
___fladd                 text22       00BEB
___fladd@a               cstackCOMMON 00074
___fladd@aexp            cstackCOMMON 00079
___fladd@b               cstackCOMMON 00070
___fladd@bexp            cstackCOMMON 0007A
___fladd@grs             cstackCOMMON 0007B
___fladd@signs           cstackCOMMON 00078
___fldiv                 text28       008D8
___fldiv@a               cstackCOMMON 00070
___fldiv@aexp            cstackBANK0  0002C
___fldiv@b               cstackCOMMON 00074
___fldiv@bexp            cstackBANK0  0002B
___fldiv@grs             cstackBANK0  00027
___fldiv@new_exp         cstackBANK0  00025
___fldiv@rem             cstackBANK0  00020
___fldiv@sign            cstackBANK0  00024
___fleq                  text27       0147B
___fleq@ff1              cstackCOMMON 00070
___fleq@ff2              cstackCOMMON 00074
___flge                  text26       00783
___flge@ff1              cstackBANK0  0003A
___flge@ff2              cstackBANK0  0003E
___flmul                 text24       00DD4
___flmul@a               cstackBANK0  00024
___flmul@aexp            cstackBANK0  00032
___flmul@b               cstackBANK0  00020
___flmul@bexp            cstackBANK0  00033
___flmul@grs             cstackBANK0  0002E
___flmul@prod            cstackBANK0  00034
___flmul@sign            cstackBANK0  0002D
___flmul@temp            cstackBANK0  00038
___flneg                 text23       012F3
___flneg@f1              cstackCOMMON 00070
___flsub                 text21       01382
___flsub@a               cstackBANK0  0003A
___flsub@b               cstackBANK0  0003E
___fltol                 text20       0160C
___fltol@exp1            cstackCOMMON 0007A
___fltol@f1              cstackCOMMON 00070
___fltol@sign1           cstackCOMMON 00079
___fpclassifyf           text19       01671
___fpclassifyf@F463      bssBANK1     000E3
___fpclassifyf@e         cstackBANK0  00020
___fpclassifyf@u         cstackBANK0  00022
___fpclassifyf@x         cstackCOMMON 00070
___int_sp                stack        00000
___latbits               (abs)        00002
___sp                    stack        00000
___stackhi               (abs)        023EF
___stacklo               (abs)        02140
___xxtofl                text31       0176B
___xxtofl@arg            cstackCOMMON 0007A
___xxtofl@exp            cstackCOMMON 00079
___xxtofl@sign           cstackCOMMON 00078
___xxtofl@val            cstackCOMMON 00070
__end_of_ADC_init        text3        008D8
__end_of_ADC_read        text32       012F3
__end_of_UART_Recieve    intentry     0005C
__end_of__Umul8_16       text25       01382
__end_of___aldiv         text2        0176B
__end_of___awdiv         text30       015B2
__end_of___awmod         text29       0147B
__end_of___fladd         text22       00DD4
__end_of___fldiv         text28       00A52
__end_of___fleq          text27       014C3
__end_of___flge          text26       007FF
__end_of___flmul         text24       01000
__end_of___flneg         text23       012FC
__end_of___flsub         text21       013A1
__end_of___fltol         text20       01671
__end_of___fpclassifyf   text19       016E9
__end_of___xxtofl        text31       01800
__end_of__initialization cinit        00072
__end_of_efgtoa          text9        006AB
__end_of_floorf          text18       00783
__end_of_fputc           text16       00839
__end_of_fputs           text15       01407
__end_of_init_UART       text1        0160C
__end_of_isupper         text11       01332
__end_of_main            maintext     01363
__end_of_pad             text13       01561
__end_of_printf          text5        0131B
__end_of_putch           text17       01307
__end_of_strcpy          text12       013C0
__end_of_strlen          text14       0134A
__end_of_strncmp         text8        01511
__end_of_tolower         text10       013E1
__end_of_vfpfcnvrt       text7        00BEB
__end_of_vfprintf        text6        01436
__initialization         cinit        0005E
__pbssBANK1              bssBANK1     000E3
__pbssBANK2              bssBANK2     00145
__pbssBANK3              bssBANK3     001A0
__pcstackBANK0           cstackBANK0  00020
__pcstackBANK1           cstackBANK1  000A0
__pcstackBANK2           cstackBANK2  00120
__pcstackCOMMON          cstackCOMMON 00070
__pintentry              intentry     00004
__pmaintext              maintext     0134A
__pstringtext1           stringtext1  01800
__pstringtext2           stringtext2  01807
__pstringtext3           stringtext3  0180B
__pstringtext4           stringtext4  0180F
__pstringtext5           stringtext5  01813
__pstringtext6           stringtext6  01817
__pstringtext7           stringtext7  0181A
__pstringtext8           stringtext8  00000
__ptext1                 text1        015B2
__ptext10                text10       013C0
__ptext11                text11       0131B
__ptext12                text12       013A1
__ptext13                text13       01511
__ptext14                text14       01332
__ptext15                text15       013E1
__ptext16                text16       00804
__ptext17                text17       012FC
__ptext18                text18       006AB
__ptext19                text19       01671
__ptext2                 text2        016E9
__ptext20                text20       0160C
__ptext21                text21       01382
__ptext22                text22       00BEB
__ptext23                text23       012F3
__ptext24                text24       00DD4
__ptext25                text25       01363
__ptext26                text26       00783
__ptext27                text27       0147B
__ptext28                text28       008D8
__ptext29                text29       01436
__ptext3                 text3        00839
__ptext30                text30       01561
__ptext31                text31       0176B
__ptext32                text32       012EB
__ptext5                 text5        01307
__ptext6                 text6        01407
__ptext7                 text7        00A52
__ptext8                 text8        014C3
__ptext9                 text9        00076
__size_of_ADC_init       (abs)        00000
__size_of_ADC_read       (abs)        00000
__size_of_UART_Recieve   (abs)        00000
__size_of__Umul8_16      (abs)        00000
__size_of___aldiv        (abs)        00000
__size_of___awdiv        (abs)        00000
__size_of___awmod        (abs)        00000
__size_of___fladd        (abs)        00000
__size_of___fldiv        (abs)        00000
__size_of___fleq         (abs)        00000
__size_of___flge         (abs)        00000
__size_of___flmul        (abs)        00000
__size_of___flneg        (abs)        00000
__size_of___flsub        (abs)        00000
__size_of___fltol        (abs)        00000
__size_of___fpclassifyf  (abs)        00000
__size_of___xxtofl       (abs)        00000
__size_of_efgtoa         (abs)        00000
__size_of_floorf         (abs)        00000
__size_of_fputc          (abs)        00000
__size_of_fputs          (abs)        00000
__size_of_init_UART      (abs)        00000
__size_of_isupper        (abs)        00000
__size_of_main           (abs)        00000
__size_of_pad            (abs)        00000
__size_of_printf         (abs)        00000
__size_of_putch          (abs)        00000
__size_of_strcpy         (abs)        00000
__size_of_strlen         (abs)        00000
__size_of_strncmp        (abs)        00000
__size_of_tolower        (abs)        00000
__size_of_vfpfcnvrt      (abs)        00000
__size_of_vfprintf       (abs)        00000
_dbuf                    bssBANK3     001A0
_efgtoa                  text9        00076
_efgtoa$386              cstackBANK1  000A4
_efgtoa$387              cstackBANK1  000A6
_efgtoa$392              cstackBANK1  000A8
_efgtoa$396              cstackBANK1  000AA
_efgtoa$397              cstackBANK1  000AC
_efgtoa$398              cstackBANK1  000AE
_flags                   bssBANK1     000ED
_floorf                  text18       006AB
_fputc                   text16       00804
_fputs                   text15       013E1
_init_UART               text1        015B2
_isupper                 text11       0131B
_main                    maintext     0134A
_nout                    bssBANK1     000E7
_pad                     text13       01511
_prec                    bssBANK1     000EB
_printf                  text5        01307
_putch                   text17       012FC
_strcpy                  text12       013A1
_strlen                  text14       01332
_strncmp                 text8        014C3
_tolower                 text10       013C0
_tolower$797             cstackCOMMON 0007C
_vfpfcnvrt               text7        00A52
_vfpfcnvrt$415           cstackBANK0  00057
_vfprintf                text6        01407
_width                   bssBANK1     000E9
btemp                    (abs)        0007E
clear_ram0               clrtext      012E5
efgtoa@c                 cstackBANK0  0004A
efgtoa@d                 cstackBANK1  000B8
efgtoa@e                 cstackBANK1  000D1
efgtoa@f                 cstackBANK0  00046
efgtoa@fp                cstackBANK1  000BE
efgtoa@g                 cstackBANK1  000CD
efgtoa@h                 cstackBANK1  000C3
efgtoa@i                 cstackBANK1  000CB
efgtoa@l                 cstackBANK1  000C7
efgtoa@m                 cstackBANK1  000B4
efgtoa@mode              cstackBANK1  000C2
efgtoa@n                 cstackBANK1  000D3
efgtoa@ne                cstackBANK1  000B6
efgtoa@nmode             cstackBANK1  000BF
efgtoa@ou                cstackBANK1  000A0
efgtoa@p                 cstackBANK1  000BC
efgtoa@pp                cstackBANK1  000B2
efgtoa@sign              cstackBANK1  000BA
efgtoa@t                 cstackBANK1  000B0
efgtoa@u                 cstackBANK1  000D5
efgtoa@w                 cstackBANK1  000C0
end_of_initialization    cinit        00072
floorf@F524              bssBANK2     00145
floorf@e                 cstackBANK0  0003B
floorf@m                 cstackBANK0  00037
floorf@u                 cstackBANK0  0003D
floorf@x                 cstackBANK0  0002D
fputc@c                  cstackCOMMON 00071
fputc@fp                 cstackCOMMON 00073
fputs@c                  cstackBANK0  00020
fputs@fp                 cstackCOMMON 00079
fputs@i                  cstackBANK0  00021
fputs@s                  cstackBANK0  00023
init_UART@baud_rate      cstackBANK2  0012F
init_UART@spbrgVal       cstackBANK2  00143
int$flags                (abs)        0007E
intlevel0                functab      00000
intlevel1                functab      00000
intlevel2                functab      00000
intlevel3                functab      00000
intlevel4                functab      00000
intlevel5                functab      00000
isupper@c                cstackCOMMON 00070
pad@buf                  cstackBANK0  00024
pad@fp                   cstackBANK0  0002B
pad@i                    cstackBANK0  00027
pad@p                    cstackBANK0  00025
pad@w                    cstackBANK0  00029
printf@ap                cstackBANK1  000DC
printf@fmt               cstackBANK0  0006A
putch@byte               cstackCOMMON 00070
reset_vec                reset_vec    00000
start                    init         0005C
start_initialization     cinit        0005E
strcpy@d                 cstackCOMMON 00076
strcpy@dest              cstackCOMMON 00077
strcpy@s                 cstackCOMMON 00074
strcpy@src               cstackCOMMON 00070
strlen@a                 cstackCOMMON 00073
strlen@s                 cstackCOMMON 00074
strncmp@_l               cstackCOMMON 00075
strncmp@_r               cstackCOMMON 00070
strncmp@l                cstackCOMMON 00078
strncmp@n                cstackCOMMON 00072
strncmp@r                cstackCOMMON 00076
tolower@c                cstackCOMMON 00076
vfpfcnvrt@ap             cstackBANK0  00050
vfpfcnvrt@c              cstackBANK0  00060
vfpfcnvrt@ct             cstackBANK0  0005D
vfpfcnvrt@f              cstackBANK0  00059
vfpfcnvrt@fmt            cstackBANK0  0004F
vfpfcnvrt@fp             cstackBANK0  00061
vfprintf@ap              cstackBANK0  00064
vfprintf@cfmt            cstackBANK0  00068
vfprintf@fmt             cstackBANK0  00062
vfprintf@fp              cstackBANK0  00067
wtemp0                   (abs)        0007E


FUNCTION INFORMATION:

 *************** function _main *****************
 Defined at:
		line 75 in file "main.c"
 Parameters:    Size  Location     Type
		None
 Auto vars:     Size  Location     Type
		None
 Return value:  Size  Location     Type
                  1    wreg      void 
 Registers used:
		wreg, fsr0l, fsr0h, status,2, status,0, pclath, cstack
 Tracked objects:
		On entry : 
		On exit  : 
		Unchanged: 
 Data sizes:     COMMON   BANK0   BANK1   BANK2   BANK3   BANK4   BANK5   BANK6   BANK7   BANK8   BANK9  BANK10  BANK11  BANK12
      Params:         0       0       0       0       0       0       0       0       0       0       0       0       0       0
      Locals:         0       0       0       0       0       0       0       0       0       0       0       0       0       0
      Temps:          0       0       0       0       0       0       0       0       0       0       0       0       0       0
      Totals:         0       0       0       0       0       0       0       0       0       0       0       0       0       0
Total ram usage:        0 bytes
 Hardware stack levels required when called:   11
 This function calls:
		_ADC_init
		_init_UART
 This function is called by:
		Startup code after reset
 This function uses a non-reentrant model


 *************** function _init_UART *****************
 Defined at:
		line 5 in file "UART_funcs.c"
 Parameters:    Size  Location     Type
  baud_rate       4   15[BANK2 ] long 
 Auto vars:     Size  Location     Type
  clock           4    0        long 
  spbrgVal        2   35[BANK2 ] unsigned int 
 Return value:  Size  Location     Type
                  1    wreg      void 
 Registers used:
		wreg, status,2, status,0, pclath, cstack
 Tracked objects:
		On entry : 
		On exit  : 
		Unchanged: 
 Data sizes:     COMMON   BANK0   BANK1   BANK2   BANK3   BANK4   BANK5   BANK6   BANK7   BANK8   BANK9  BANK10  BANK11  BANK12
      Params:         0       0       0       4       0       0       0       0       0       0       0       0       0       0
      Locals:         0       0       0       6       0       0       0       0       0       0       0       0       0       0
      Temps:          0       0       0      12       0       0       0       0       0       0       0       0       0       0
      Totals:         0       0       0      22       0       0       0       0       0       0       0       0       0       0
Total ram usage:       22 bytes
 Hardware stack levels used:    1
 Hardware stack levels required when called:   10
 This function calls:
		___aldiv
 This function is called by:
		_main
 This function uses a non-reentrant model


 *************** function ___aldiv *****************
 Defined at:
		line 5 in file "/opt/microchip/xc8/v2.05/pic/sources/c99/common/aldiv.c"
 Parameters:    Size  Location     Type
  divisor         4    0[BANK2 ] long 
  dividend        4    4[BANK2 ] long 
 Auto vars:     Size  Location     Type
  quotient        4   11[BANK2 ] long 
  sign            1   10[BANK2 ] unsigned char 
  counter         1    9[BANK2 ] unsigned char 
 Return value:  Size  Location     Type
                  4    0[BANK2 ] long 
 Registers used:
		wreg, status,2, status,0
 Tracked objects:
		On entry : 
		On exit  : 
		Unchanged: 
 Data sizes:     COMMON   BANK0   BANK1   BANK2   BANK3   BANK4   BANK5   BANK6   BANK7   BANK8   BANK9  BANK10  BANK11  BANK12
      Params:         0       0       0       8       0       0       0       0       0       0       0       0       0       0
      Locals:         0       0       0       6       0       0       0       0       0       0       0       0       0       0
      Temps:          0       0       0       1       0       0       0       0       0       0       0       0       0       0
      Totals:         0       0       0      15       0       0       0       0       0       0       0       0       0       0
Total ram usage:       15 bytes
 Hardware stack levels used:    1
 Hardware stack levels required when called:    9
 This function calls:
		Nothing
 This function is called by:
		_init_UART
 This function uses a non-reentrant model


 *************** function _ADC_init *****************
 Defined at:
		line 5 in file "ADC_funcs.c"
 Parameters:    Size  Location     Type
  pin             2    0[BANK2 ] PTR unsigned char 
		 -> STR_2(3), 
 Auto vars:     Size  Location     Type
  pinNum          2    6[BANK2 ] int 
  chan            1    5[BANK2 ] unsigned char 
  block           1    4[BANK2 ] unsigned char 
 Return value:  Size  Location     Type
                  1    wreg      unsigned char 
 Registers used:
		wreg, fsr0l, fsr0h, status,2, status,0, pclath
 Tracked objects:
		On entry : 
		On exit  : 
		Unchanged: 
 Data sizes:     COMMON   BANK0   BANK1   BANK2   BANK3   BANK4   BANK5   BANK6   BANK7   BANK8   BANK9  BANK10  BANK11  BANK12
      Params:         0       0       0       2       0       0       0       0       0       0       0       0       0       0
      Locals:         0       0       0       4       0       0       0       0       0       0       0       0       0       0
      Temps:          0       0       0       2       0       0       0       0       0       0       0       0       0       0
      Totals:         0       0       0       8       0       0       0       0       0       0       0       0       0       0
Total ram usage:        8 bytes
 Hardware stack levels used:    1
 Hardware stack levels required when called:    9
 This function calls:
		Nothing
 This function is called by:
		_main
 This function uses a non-reentrant model


 *************** function _UART_Recieve *****************
 Defined at:
		line 54 in file "main.c"
 Parameters:    Size  Location     Type
		None
 Auto vars:     Size  Location     Type
  decimalADC      4   61[BANK1 ] float 
  adc_out         2   65[BANK1 ] unsigned int 
 Return value:  Size  Location     Type
                  1    wreg      void 
 Registers used:
		wreg, fsr0l, fsr0h, fsr1l, fsr1h, status,2, status,0, pclath, cstack
 Tracked objects:
		On entry : 
		On exit  : 
		Unchanged: 
 Data sizes:     COMMON   BANK0   BANK1   BANK2   BANK3   BANK4   BANK5   BANK6   BANK7   BANK8   BANK9  BANK10  BANK11  BANK12
      Params:         0       0       0       0       0       0       0       0       0       0       0       0       0       0
      Locals:         0       0       6       0       0       0       0       0       0       0       0       0       0       0
      Temps:          0       0       0       0       0       0       0       0       0       0       0       0       0       0
      Totals:         0       0       6       0       0       0       0       0       0       0       0       0       0       0
Total ram usage:        6 bytes
 Hardware stack levels used:    1
 Hardware stack levels required when called:    8
 This function calls:
		_ADC_read
		___flmul
		___xxtofl
		_printf
 This function is called by:
		Interrupt level 1
 This function uses a non-reentrant model


 *************** function _printf *****************
 Defined at:
		line 5 in file "/opt/microchip/xc8/v2.05/pic/sources/c99/common/printf.c"
 Parameters:    Size  Location     Type
  fmt             2   74[BANK0 ] PTR const unsigned char 
		 -> STR_1(7), 
 Auto vars:     Size  Location     Type
  ret             2    0        int 
  ap              1   60[BANK1 ] PTR void [1]
		 -> ?_printf(2), 
 Return value:  Size  Location     Type
                  2   74[BANK0 ] int 
 Registers used:
		wreg, fsr0l, fsr0h, fsr1l, fsr1h, status,2, status,0, pclath, cstack
 Tracked objects:
		On entry : 
		On exit  : 
		Unchanged: 
 Data sizes:     COMMON   BANK0   BANK1   BANK2   BANK3   BANK4   BANK5   BANK6   BANK7   BANK8   BANK9  BANK10  BANK11  BANK12
      Params:         0       6       0       0       0       0       0       0       0       0       0       0       0       0
      Locals:         0       0       3       0       0       0       0       0       0       0       0       0       0       0
      Temps:          0       0       1       0       0       0       0       0       0       0       0       0       0       0
      Totals:         0       6       4       0       0       0       0       0       0       0       0       0       0       0
Total ram usage:       10 bytes
 Hardware stack levels used:    1
 Hardware stack levels required when called:    7
 This function calls:
		_vfprintf
 This function is called by:
		_UART_Recieve
 This function uses a non-reentrant model


 *************** function _vfprintf *****************
 Defined at:
		line 1368 in file "/opt/microchip/xc8/v2.05/pic/sources/c99/common/doprnt.c"
 Parameters:    Size  Location     Type
  fp              1    wreg     PTR struct _IO_FILE
		 -> NULL(0), 
  fmt             2   66[BANK0 ] PTR const unsigned char 
		 -> STR_1(7), 
  ap              1   68[BANK0 ] PTR PTR void 
		 -> printf@ap(1), 
 Auto vars:     Size  Location     Type
  fp              1   71[BANK0 ] PTR struct _IO_FILE
		 -> NULL(0), 
  cfmt            2   72[BANK0 ] PTR unsigned char 
		 -> STR_1(7), 
 Return value:  Size  Location     Type
                  2   66[BANK0 ] int 
 Registers used:
		wreg, fsr0l, fsr0h, fsr1l, fsr1h, status,2, status,0, pclath, cstack
 Tracked objects:
		On entry : 
		On exit  : 
		Unchanged: 
 Data sizes:     COMMON   BANK0   BANK1   BANK2   BANK3   BANK4   BANK5   BANK6   BANK7   BANK8   BANK9  BANK10  BANK11  BANK12
      Params:         0       3       0       0       0       0       0       0       0       0       0       0       0       0
      Locals:         0       3       0       0       0       0       0       0       0       0       0       0       0       0
      Temps:          0       2       0       0       0       0       0       0       0       0       0       0       0       0
      Totals:         0       8       0       0       0       0       0       0       0       0       0       0       0       0
Total ram usage:        8 bytes
 Hardware stack levels used:    1
 Hardware stack levels required when called:    6
 This function calls:
		_vfpfcnvrt
 This function is called by:
		_printf
 This function uses a non-reentrant model


 *************** function _vfpfcnvrt *****************
 Defined at:
		line 670 in file "/opt/microchip/xc8/v2.05/pic/sources/c99/common/doprnt.c"
 Parameters:    Size  Location     Type
  fp              1    wreg     PTR struct _IO_FILE
		 -> NULL(0), 
  fmt             1   47[BANK0 ] PTR PTR unsigned char 
		 -> vfprintf@cfmt(2), 
  ap              1   48[BANK0 ] PTR PTR void 
		 -> printf@ap(1), 
 Auto vars:     Size  Location     Type
  fp              1   65[BANK0 ] PTR struct _IO_FILE
		 -> NULL(0), 
  llu             8    0        unsigned long long 
  ll              8    0        long long 
  f               4   57[BANK0 ] long long 
  ct              3   61[BANK0 ] unsigned char [3]
  vp              2    0        PTR void 
  i               2    0        int 
  done            2    0        int 
  cp              2    0        PTR unsigned char 
  c               1   64[BANK0 ] unsigned char 
 Return value:  Size  Location     Type
                  2   47[BANK0 ] int 
 Registers used:
		wreg, fsr0l, fsr0h, fsr1l, fsr1h, status,2, status,0, pclath, cstack
 Tracked objects:
		On entry : 
		On exit  : 
		Unchanged: 
 Data sizes:     COMMON   BANK0   BANK1   BANK2   BANK3   BANK4   BANK5   BANK6   BANK7   BANK8   BANK9  BANK10  BANK11  BANK12
      Params:         0       2       0       0       0       0       0       0       0       0       0       0       0       0
      Locals:         0      11       0       0       0       0       0       0       0       0       0       0       0       0
      Temps:          0       6       0       0       0       0       0       0       0       0       0       0       0       0
      Totals:         0      19       0       0       0       0       0       0       0       0       0       0       0       0
Total ram usage:       19 bytes
 Hardware stack levels used:    1
 Hardware stack levels required when called:    5
 This function calls:
		_efgtoa
		_fputc
		_isupper
		_strncmp
		_tolower
 This function is called by:
		_vfprintf
 This function uses a non-reentrant model


 *************** function _strncmp *****************
 Defined at:
		line 3 in file "/opt/microchip/xc8/v2.05/pic/sources/c99/common/strncmp.c"
 Parameters:    Size  Location     Type
  _l              1    wreg     PTR const unsigned char 
		 -> vfpfcnvrt@ct(3), 
  _r              2    0[COMMON] PTR const unsigned char 
		 -> STR_13(3), 
  n               2    2[COMMON] unsigned int 
 Auto vars:     Size  Location     Type
  _l              1    5[COMMON] PTR const unsigned char 
		 -> vfpfcnvrt@ct(3), 
  r               2    6[COMMON] PTR const unsigned char 
		 -> STR_13(3), 
  l               1    8[COMMON] PTR const unsigned char 
		 -> vfpfcnvrt@ct(3), 
 Return value:  Size  Location     Type
                  2    0[COMMON] int 
 Registers used:
		wreg, fsr0l, fsr0h, fsr1l, fsr1h, status,2, status,0, pclath
 Tracked objects:
		On entry : 
		On exit  : 
		Unchanged: 
 Data sizes:     COMMON   BANK0   BANK1   BANK2   BANK3   BANK4   BANK5   BANK6   BANK7   BANK8   BANK9  BANK10  BANK11  BANK12
      Params:         4       0       0       0       0       0       0       0       0       0       0       0       0       0
      Locals:         4       0       0       0       0       0       0       0       0       0       0       0       0       0
      Temps:          1       0       0       0       0       0       0       0       0       0       0       0       0       0
      Totals:         9       0       0       0       0       0       0       0       0       0       0       0       0       0
Total ram usage:        9 bytes
 Hardware stack levels used:    1
 This function calls:
		Nothing
 This function is called by:
		_vfpfcnvrt
 This function uses a non-reentrant model


 *************** function _efgtoa *****************
 Defined at:
		line 319 in file "/opt/microchip/xc8/v2.05/pic/sources/c99/common/doprnt.c"
 Parameters:    Size  Location     Type
  fp              1    wreg     PTR struct _IO_FILE
		 -> NULL(0), 
  f               4   38[BANK0 ] PTR struct _IO_FILE
  c               1   42[BANK0 ] unsigned char 
 Auto vars:     Size  Location     Type
  fp              1   30[BANK1 ] PTR struct _IO_FILE
		 -> NULL(0), 
  u               4   53[BANK1 ] PTR struct _IO_FILE
  g               4   45[BANK1 ] PTR struct _IO_FILE
  l               4   39[BANK1 ] PTR struct _IO_FILE
  h               4   35[BANK1 ] PTR struct _IO_FILE
  ou              4    0[BANK1 ] PTR struct _IO_FILE
  n               2   51[BANK1 ] int 
  e               2   49[BANK1 ] int 
  i               2   43[BANK1 ] int 
  w               2   32[BANK1 ] int 
  p               2   28[BANK1 ] int 
  sign            2   26[BANK1 ] int 
  d               2   24[BANK1 ] int 
  ne              2   22[BANK1 ] int 
  m               2   20[BANK1 ] int 
  pp              2   18[BANK1 ] int 
  t               2   16[BANK1 ] int 
  mode            1   34[BANK1 ] unsigned char 
  nmode           1   31[BANK1 ] unsigned char 
 Return value:  Size  Location     Type
                  2   38[BANK0 ] int 
 Registers used:
		wreg, fsr0l, fsr0h, fsr1l, fsr1h, status,2, status,0, pclath, cstack
 Tracked objects:
		On entry : 
		On exit  : 
		Unchanged: 
 Data sizes:     COMMON   BANK0   BANK1   BANK2   BANK3   BANK4   BANK5   BANK6   BANK7   BANK8   BANK9  BANK10  BANK11  BANK12
      Params:         0       5       0       0       0       0       0       0       0       0       0       0       0       0
      Locals:         0       0      57       0       0       0       0       0       0       0       0       0       0       0
      Temps:          0       4       0       0       0       0       0       0       0       0       0       0       0       0
      Totals:         0       9      57       0       0       0       0       0       0       0       0       0       0       0
Total ram usage:       66 bytes
 Hardware stack levels used:    1
 Hardware stack levels required when called:    4
 This function calls:
		___awdiv
		___awmod
		___fladd
		___fldiv
		___fleq
		___flge
		___flmul
		___flneg
		___flsub
		___fltol
		___fpclassifyf
		_floorf
		_isupper
		_pad
		_strcpy
		_tolower
 This function is called by:
		_vfpfcnvrt
 This function uses a non-reentrant model


 *************** function _tolower *****************
 Defined at:
		line 4 in file "/opt/microchip/xc8/v2.05/pic/sources/c99/common/tolower.c"
 Parameters:    Size  Location     Type
  c               2    6[COMMON] int 
 Auto vars:     Size  Location     Type
		None
 Return value:  Size  Location     Type
                  2    6[COMMON] int 
 Registers used:
		wreg, status,2, status,0
 Tracked objects:
		On entry : 
		On exit  : 
		Unchanged: 
 Data sizes:     COMMON   BANK0   BANK1   BANK2   BANK3   BANK4   BANK5   BANK6   BANK7   BANK8   BANK9  BANK10  BANK11  BANK12
      Params:         2       0       0       0       0       0       0       0       0       0       0       0       0       0
      Locals:         2       0       0       0       0       0       0       0       0       0       0       0       0       0
      Temps:          4       0       0       0       0       0       0       0       0       0       0       0       0       0
      Totals:         8       0       0       0       0       0       0       0       0       0       0       0       0       0
Total ram usage:        8 bytes
 Hardware stack levels used:    1
 Hardware stack levels required when called:    1
 This function calls:
		_isupper
 This function is called by:
		_efgtoa
		_vfpfcnvrt
 This function uses a non-reentrant model


 *************** function _isupper *****************
 Defined at:
		line 5 in file "/opt/microchip/xc8/v2.05/pic/sources/c99/common/isupper.c"
 Parameters:    Size  Location     Type
  c               2    0[COMMON] int 
 Auto vars:     Size  Location     Type
		None
 Return value:  Size  Location     Type
                  2    0[COMMON] int 
 Registers used:
		wreg, status,2, status,0
 Tracked objects:
		On entry : 
		On exit  : 
		Unchanged: 
 Data sizes:     COMMON   BANK0   BANK1   BANK2   BANK3   BANK4   BANK5   BANK6   BANK7   BANK8   BANK9  BANK10  BANK11  BANK12
      Params:         2       0       0       0       0       0       0       0       0       0       0       0       0       0
      Locals:         0       0       0       0       0       0       0       0       0       0       0       0       0       0
      Temps:          4       0       0       0       0       0       0       0       0       0       0       0       0       0
      Totals:         6       0       0       0       0       0       0       0       0       0       0       0       0       0
Total ram usage:        6 bytes
 Hardware stack levels used:    1
 This function calls:
		Nothing
 This function is called by:
		_efgtoa
		_vfpfcnvrt
		_tolower
 This function uses a non-reentrant model


 *************** function _strcpy *****************
 Defined at:
		line 7 in file "/opt/microchip/xc8/v2.05/pic/sources/c99/common/strcpy.c"
 Parameters:    Size  Location     Type
  dest            1    wreg     PTR unsigned char 
		 -> dbuf(80), 
  src             2    0[COMMON] PTR const unsigned char 
		 -> STR_8(4), STR_7(4), STR_4(4), STR_3(4), 
		 -> dbuf(80), 
 Auto vars:     Size  Location     Type
  dest            1    7[COMMON] PTR unsigned char 
		 -> dbuf(80), 
  s               2    4[COMMON] PTR const unsigned char 
		 -> STR_8(4), STR_7(4), STR_4(4), STR_3(4), 
		 -> dbuf(80), 
  d               1    6[COMMON] PTR unsigned char 
		 -> dbuf(80), 
 Return value:  Size  Location     Type
                  1    wreg      PTR unsigned char 
 Registers used:
		wreg, fsr0l, fsr0h, fsr1l, fsr1h, status,2, status,0, pclath
 Tracked objects:
		On entry : 
		On exit  : 
		Unchanged: 
[...]
      Params:         8       0       0       0       0       0       0       0       0       0       0       0       0       0
      Locals:         4       0       0       0       0       0       0       0       0       0       0       0       0       0
      Temps:          0       8       0       0       0       0       0       0       0       0       0       0       0       0
      Totals:        12       8       0       0       0       0       0       0       0       0       0       0       0       0
Total ram usage:       20 bytes
 Hardware stack levels used:    1
 This function calls:
		Nothing
 This function is called by:
		_efgtoa
		___flsub
 This function uses a non-reentrant model


 *************** function ___flneg *****************
 Defined at:
		line 15 in file "/opt/microchip/xc8/v2.05/pic/sources/c99/common/flneg.c"
 Parameters:    Size  Location     Type
  f1              4    0[COMMON] unsigned char 
 Auto vars:     Size  Location     Type
		None
 Return value:  Size  Location     Type
                  4    0[COMMON] unsigned char 
 Registers used:
		wreg
 Tracked objects:
		On entry : 
		On exit  : 
		Unchanged: 
 Data sizes:     COMMON   BANK0   BANK1   BANK2   BANK3   BANK4   BANK5   BANK6   BANK7   BANK8   BANK9  BANK10  BANK11  BANK12
      Params:         4       0       0       0       0       0       0       0       0       0       0       0       0       0
      Locals:         0       0       0       0       0       0       0       0       0       0       0       0       0       0
      Temps:          0       0       0       0       0       0       0       0       0       0       0       0       0       0
      Totals:         4       0       0       0       0       0       0       0       0       0       0       0       0       0
Total ram usage:        4 bytes
 Hardware stack levels used:    1
 This function calls:
		Nothing
 This function is called by:
		_efgtoa
 This function uses a non-reentrant model


 *************** function ___flmul *****************
 Defined at:
		line 8 in file "/opt/microchip/xc8/v2.05/pic/sources/c99/common/sprcmul.c"
 Parameters:    Size  Location     Type
  b               4    0[BANK0 ] unsigned char 
  a               4    4[BANK0 ] unsigned char 
 Auto vars:     Size  Location     Type
  prod            4   20[BANK0 ] struct .
  grs             4   14[BANK0 ] unsigned long 
  temp            2   24[BANK0 ] struct .
  bexp            1   19[BANK0 ] unsigned char 
  aexp            1   18[BANK0 ] unsigned char 
  sign            1   13[BANK0 ] unsigned char 
 Return value:  Size  Location     Type
                  4    0[BANK0 ] unsigned char 
 Registers used:
		wreg, status,2, status,0, pclath, cstack
 Tracked objects:
		On entry : 
		On exit  : 
		Unchanged: 
 Data sizes:     COMMON   BANK0   BANK1   BANK2   BANK3   BANK4   BANK5   BANK6   BANK7   BANK8   BANK9  BANK10  BANK11  BANK12
      Params:         0       8       0       0       0       0       0       0       0       0       0       0       0       0
      Locals:         0      13       0       0       0       0       0       0       0       0       0       0       0       0
      Temps:          0       5       0       0       0       0       0       0       0       0       0       0       0       0
      Totals:         0      26       0       0       0       0       0       0       0       0       0       0       0       0
Total ram usage:       26 bytes
 Hardware stack levels used:    1
 Hardware stack levels required when called:    1
 This function calls:
		__Umul8_16
 This function is called by:
		_UART_Recieve
		_efgtoa
 This function uses a non-reentrant model


 *************** function __Umul8_16 *****************
 Defined at:
		line 4 in file "/opt/microchip/xc8/v2.05/pic/sources/c99/common/Umul8_16.c"
 Parameters:    Size  Location     Type
  multiplier      1    wreg     unsigned char 
  multiplicand    1    0[COMMON] unsigned char 
 Auto vars:     Size  Location     Type
  multiplier      1    8[COMMON] unsigned char 
  word_mpld       2    6[COMMON] unsigned int 
  product         2    4[COMMON] unsigned int 
 Return value:  Size  Location     Type
                  2    0[COMMON] unsigned int 
 Registers used:
		wreg, status,2, status,0
 Tracked objects:
		On entry : 
		On exit  : 
		Unchanged: 
 Data sizes:     COMMON   BANK0   BANK1   BANK2   BANK3   BANK4   BANK5   BANK6   BANK7   BANK8   BANK9  BANK10  BANK11  BANK12
      Params:         2       0       0       0       0       0       0       0       0       0       0       0       0       0
      Locals:         5       0       0       0       0       0       0       0       0       0       0       0       0       0
      Temps:          2       0       0       0       0       0       0       0       0       0       0       0       0       0
      Totals:         9       0       0       0       0       0       0       0       0       0       0       0       0       0
Total ram usage:        9 bytes
 Hardware stack levels used:    1
 This function calls:
		Nothing
 This function is called by:
		___flmul
 This function uses a non-reentrant model


 *************** function ___flge *****************
 Defined at:
		line 4 in file "/opt/microchip/xc8/v2.05/pic/sources/c99/common/flge.c"
 Parameters:    Size  Location     Type
  ff1             4   26[BANK0 ] unsigned int 
  ff2             4   30[BANK0 ] unsigned int 
 Auto vars:     Size  Location     Type
		None
 Return value:  Size  Location     Type
		None               void
 Registers used:
		wreg, status,2, status,0
 Tracked objects:
		On entry : 
		On exit  : 
		Unchanged: 
 Data sizes:     COMMON   BANK0   BANK1   BANK2   BANK3   BANK4   BANK5   BANK6   BANK7   BANK8   BANK9  BANK10  BANK11  BANK12
      Params:         0       8       0       0       0       0       0       0       0       0       0       0       0       0
      Locals:         0       0       0       0       0       0       0       0       0       0       0       0       0       0
      Temps:          0       4       0       0       0       0       0       0       0       0       0       0       0       0
      Totals:         0      12       0       0       0       0       0       0       0       0       0       0       0       0
Total ram usage:       12 bytes
 Hardware stack levels used:    1
 This function calls:
		Nothing
 This function is called by:
		_efgtoa
 This function uses a non-reentrant model


 *************** function ___fleq *****************
 Defined at:
		line 4 in file "/opt/microchip/xc8/v2.05/pic/sources/c99/common/fleq.c"
 Parameters:    Size  Location     Type
  ff1             4    0[COMMON] unsigned int 
  ff2             4    4[COMMON] unsigned int 
 Auto vars:     Size  Location     Type
		None
 Return value:  Size  Location     Type
		None               void
 Registers used:
		wreg, status,2, status,0
 Tracked objects:
		On entry : 
		On exit  : 
		Unchanged: 
 Data sizes:     COMMON   BANK0   BANK1   BANK2   BANK3   BANK4   BANK5   BANK6   BANK7   BANK8   BANK9  BANK10  BANK11  BANK12
      Params:         8       0       0       0       0       0       0       0       0       0       0       0       0       0
      Locals:         0       0       0       0       0       0       0       0       0       0       0       0       0       0
      Temps:          4       0       0       0       0       0       0       0       0       0       0       0       0       0
      Totals:        12       0       0       0       0       0       0       0       0       0       0       0       0       0
Total ram usage:       12 bytes
 Hardware stack levels used:    1
 This function calls:
		Nothing
 This function is called by:
		_efgtoa
 This function uses a non-reentrant model


 *************** function ___fldiv *****************
 Defined at:
		line 8 in file "/opt/microchip/xc8/v2.05/pic/sources/c99/common/sprcdiv.c"
 Parameters:    Size  Location     Type
  a               4    0[COMMON] unsigned int 
  b               4    4[COMMON] unsigned int 
 Auto vars:     Size  Location     Type
  grs             4    7[BANK0 ] unsigned long 
  rem             4    0[BANK0 ] unsigned long 
  new_exp         2    5[BANK0 ] int 
  aexp            1   12[BANK0 ] unsigned char 
  bexp            1   11[BANK0 ] unsigned char 
  sign            1    4[BANK0 ] unsigned char 
 Return value:  Size  Location     Type
                  4    0[COMMON] unsigned char 
 Registers used:
		wreg, status,2, status,0
 Tracked objects:
		On entry : 
		On exit  : 
		Unchanged: 
 Data sizes:     COMMON   BANK0   BANK1   BANK2   BANK3   BANK4   BANK5   BANK6   BANK7   BANK8   BANK9  BANK10  BANK11  BANK12
      Params:         8       0       0       0       0       0       0       0       0       0       0       0       0       0
      Locals:         0      13       0       0       0       0       0       0       0       0       0       0       0       0
      Temps:          5       0       0       0       0       0       0       0       0       0       0       0       0       0
      Totals:        13      13       0       0       0       0       0       0       0       0       0       0       0       0
Total ram usage:       26 bytes
 Hardware stack levels used:    1
 This function calls:
		Nothing
 This function is called by:
		_efgtoa
 This function uses a non-reentrant model


 *************** function ___awmod *****************
 Defined at:
		line 5 in file "/opt/microchip/xc8/v2.05/pic/sources/c99/common/awmod.c"
 Parameters:    Size  Location     Type
  divisor         2    0[COMMON] int 
  dividend        2    2[COMMON] int 
 Auto vars:     Size  Location     Type
  sign            1    6[COMMON] unsigned char 
  counter         1    5[COMMON] unsigned char 
 Return value:  Size  Location     Type
                  2    0[COMMON] int 
 Registers used:
		wreg, status,2, status,0
 Tracked objects:
		On entry : 
		On exit  : 
		Unchanged: 
 Data sizes:     COMMON   BANK0   BANK1   BANK2   BANK3   BANK4   BANK5   BANK6   BANK7   BANK8   BANK9  BANK10  BANK11  BANK12
      Params:         4       0       0       0       0       0       0       0       0       0       0       0       0       0
      Locals:         2       0       0       0       0       0       0       0       0       0       0       0       0       0
      Temps:          1       0       0       0       0       0       0       0       0       0       0       0       0       0
      Totals:         7       0       0       0       0       0       0       0       0       0       0       0       0       0
Total ram usage:        7 bytes
 Hardware stack levels used:    1
 This function calls:
		Nothing
 This function is called by:
		_efgtoa
 This function uses a non-reentrant model


 *************** function ___awdiv *****************
 Defined at:
		line 5 in file "/opt/microchip/xc8/v2.05/pic/sources/c99/common/awdiv.c"
 Parameters:    Size  Location     Type
  divisor         2    0[COMMON] int 
  dividend        2    2[COMMON] int 
 Auto vars:     Size  Location     Type
  quotient        2    7[COMMON] int 
  sign            1    6[COMMON] unsigned char 
  counter         1    5[COMMON] unsigned char 
 Return value:  Size  Location     Type
                  2    0[COMMON] int 
 Registers used:
		wreg, status,2, status,0
 Tracked objects:
		On entry : 
		On exit  : 
		Unchanged: 
 Data sizes:     COMMON   BANK0   BANK1   BANK2   BANK3   BANK4   BANK5   BANK6   BANK7   BANK8   BANK9  BANK10  BANK11  BANK12
      Params:         4       0       0       0       0       0       0       0       0       0       0       0       0       0
      Locals:         4       0       0       0       0       0       0       0       0       0       0       0       0       0
      Temps:          1       0       0       0       0       0       0       0       0       0       0       0       0       0
      Totals:         9       0       0       0       0       0       0       0       0       0       0       0       0       0
Total ram usage:        9 bytes
 Hardware stack levels used:    1
 This function calls:
		Nothing
 This function is called by:
		_efgtoa
 This function uses a non-reentrant model


 *************** function ___xxtofl *****************
 Defined at:
		line 10 in file "/opt/microchip/xc8/v2.05/pic/sources/c99/common/xxtofl.c"
 Parameters:    Size  Location     Type
  sign            1    wreg     unsigned char 
  val             4    0[COMMON] long 
 Auto vars:     Size  Location     Type
  sign            1    8[COMMON] unsigned char 
  arg             4   10[COMMON] unsigned long 
  exp             1    9[COMMON] unsigned char 
 Return value:  Size  Location     Type
                  4    0[COMMON] unsigned char 
 Registers used:
		wreg, status,2, status,0
 Tracked objects:
		On entry : 
		On exit  : 
		Unchanged: 
 Data sizes:     COMMON   BANK0   BANK1   BANK2   BANK3   BANK4   BANK5   BANK6   BANK7   BANK8   BANK9  BANK10  BANK11  BANK12
      Params:         4       0       0       0       0       0       0       0       0       0       0       0       0       0
      Locals:         6       0       0       0       0       0       0       0       0       0       0       0       0       0
      Temps:          4       0       0       0       0       0       0       0       0       0       0       0       0       0
      Totals:        14       0       0       0       0       0       0       0       0       0       0       0       0       0
Total ram usage:       14 bytes
 Hardware stack levels used:    1
 This function calls:
		Nothing
 This function is called by:
		_UART_Recieve
 This function uses a non-reentrant model


 *************** function _ADC_read *****************
 Defined at:
		line 47 in file "ADC_funcs.c"
 Parameters:    Size  Location     Type
		None
 Auto vars:     Size  Location     Type
		None
 Return value:  Size  Location     Type
                  2    0[COMMON] unsigned int 
 Registers used:
		wreg
 Tracked objects:
		On entry : 
		On exit  : 
		Unchanged: 
 Data sizes:     COMMON   BANK0   BANK1   BANK2   BANK3   BANK4   BANK5   BANK6   BANK7   BANK8   BANK9  BANK10  BANK11  BANK12
      Params:         2       0       0       0       0       0       0       0       0       0       0       0       0       0
      Locals:         0       0       0       0       0       0       0       0       0       0       0       0       0       0
      Temps:          0       0       0       0       0       0       0       0       0       0       0       0       0       0
      Totals:         2       0       0       0       0       0       0       0       0       0       0       0       0       0
Total ram usage:        2 bytes
 Hardware stack levels used:    1
 This function calls:
		Nothing
 This function is called by:
		_UART_Recieve
 This function uses a non-reentrant model



MODULE INFORMATION

Module		Function		Class		Link	Load	Size
ADC_funcs.c
		_ADC_read      		CODE           	12EB	0000	9
		_ADC_init      		CODE           	0839	0000	160

ADC_funcs.c estimated size: 169

/opt/microchip/xc8/v2.05/pic/sources/c99/common/strncmp.c
		_strncmp       		CODE           	14C3	0000	79

/opt/microchip/xc8/v2.05/pic/sources/c99/common/strncmp.c estimated size: 79

/opt/microchip/xc8/v2.05/pic/sources/c99/common/tolower.c
		_tolower       		CODE           	13C0	0000	34

/opt/microchip/xc8/v2.05/pic/sources/c99/common/tolower.c estimated size: 34

/opt/microchip/xc8/v2.05/pic/sources/c99/common/flge.c
		___flge        		CODE           	0783	0000	125

/opt/microchip/xc8/v2.05/pic/sources/c99/common/flge.c estimated size: 125

/opt/microchip/xc8/v2.05/pic/sources/c99/common/flneg.c
		___flneg       		CODE           	12F3	0000	10

/opt/microchip/xc8/v2.05/pic/sources/c99/common/flneg.c estimated size: 10

/opt/microchip/xc8/v2.05/pic/sources/c99/common/sprcmul.c
		___flmul       		CODE           	0DD4	0000	557

/opt/microchip/xc8/v2.05/pic/sources/c99/common/sprcmul.c estimated size: 557

/opt/microchip/xc8/v2.05/pic/sources/c99/common/sprcdiv.c
		___fldiv       		CODE           	08D8	0000	379

/opt/microchip/xc8/v2.05/pic/sources/c99/common/sprcdiv.c estimated size: 379

/opt/microchip/xc8/v2.05/pic/sources/c99/common/nf_fputc.c
		_fputc         		CODE           	0804	0000	54

/opt/microchip/xc8/v2.05/pic/sources/c99/common/nf_fputc.c estimated size: 54

/opt/microchip/xc8/v2.05/pic/sources/c99/common/sprcadd.c
		___flsub       		CODE           	1382	0000	32
		___fladd       		CODE           	0BEB	0000	490

/opt/microchip/xc8/v2.05/pic/sources/c99/common/sprcadd.c estimated size: 522

/opt/microchip/xc8/v2.05/pic/sources/c99/common/xxtofl.c
		___xxtofl      		CODE           	176B	0000	150

/opt/microchip/xc8/v2.05/pic/sources/c99/common/xxtofl.c estimated size: 150

/opt/microchip/xc8/v2.05/pic/sources/c99/common/printf.c
		_printf        		CODE           	1307	0000	21

/opt/microchip/xc8/v2.05/pic/sources/c99/common/printf.c estimated size: 21

/opt/microchip/xc8/v2.05/pic/sources/c99/common/strlen.c
		_strlen        		CODE           	1332	0000	25

/opt/microchip/xc8/v2.05/pic/sources/c99/common/strlen.c estimated size: 25

/opt/microchip/xc8/v2.05/pic/sources/c99/common/fleq.c
		___fleq        		CODE           	147B	0000	73

/opt/microchip/xc8/v2.05/pic/sources/c99/common/fleq.c estimated size: 73

/opt/microchip/xc8/v2.05/pic/sources/c99/common/floorf.c
		_floorf        		CODE           	06AB	0000	217

/opt/microchip/xc8/v2.05/pic/sources/c99/common/floorf.c estimated size: 217

/opt/microchip/xc8/v2.05/pic/sources/c99/common/awmod.c
		___awmod       		CODE           	1436	0000	70

/opt/microchip/xc8/v2.05/pic/sources/c99/common/awmod.c estimated size: 70

/opt/microchip/xc8/v2.05/pic/sources/c99/common/strcpy.c
		_strcpy        		CODE           	13A1	0000	32

/opt/microchip/xc8/v2.05/pic/sources/c99/common/strcpy.c estimated size: 32

/opt/microchip/xc8/v2.05/pic/sources/c99/common/isupper.c
		_isupper       		CODE           	131B	0000	24

/opt/microchip/xc8/v2.05/pic/sources/c99/common/isupper.c estimated size: 24

shared
		__initialization		CODE           	005E	0000	21

shared estimated size: 21

/opt/microchip/xc8/v2.05/pic/sources/c99/common/nf_fputs.c
		_fputs         		CODE           	13E1	0000	39

/opt/microchip/xc8/v2.05/pic/sources/c99/common/nf_fputs.c estimated size: 39

/opt/microchip/xc8/v2.05/pic/sources/c99/common/__fpclassifyf.c
		___fpclassifyf 		CODE           	1671	0000	121

/opt/microchip/xc8/v2.05/pic/sources/c99/common/__fpclassifyf.c estimated size: 121

/opt/microchip/xc8/v2.05/pic/sources/c99/common/fltol.c
		___fltol       		CODE           	160C	0000	102

/opt/microchip/xc8/v2.05/pic/sources/c99/common/fltol.c estimated size: 102

/opt/microchip/xc8/v2.05/pic/sources/c99/common/Umul8_16.c
		__Umul8_16     		CODE           	1363	0000	32

/opt/microchip/xc8/v2.05/pic/sources/c99/common/Umul8_16.c estimated size: 32

UART_funcs.c
		_putch         		CODE           	12FC	0000	12
		_init_UART     		CODE           	15B2	0000	91

UART_funcs.c estimated size: 103

/opt/microchip/xc8/v2.05/pic/sources/c99/common/awdiv.c
		___awdiv       		CODE           	1561	0000	82

/opt/microchip/xc8/v2.05/pic/sources/c99/common/awdiv.c estimated size: 82

main.c
		_UART_Recieve  		CODE           	0004	0000	89
		_main          		CODE           	134A	0000	26

main.c estimated size: 115

/opt/microchip/xc8/v2.05/pic/sources/c99/common/doprnt.c
		_vfpfcnvrt     		CODE           	0A52	0000	410
		_efgtoa        		CODE           	0076	0000	1590
		_pad           		CODE           	1511	0000	81
		_vfprintf      		CODE           	1407	0000	48

/opt/microchip/xc8/v2.05/pic/sources/c99/common/doprnt.c estimated size: 2129

/opt/microchip/xc8/v2.05/pic/sources/c99/common/aldiv.c
		___aldiv       		CODE           	16E9	0000	131

/opt/microchip/xc8/v2.05/pic/sources/c99/common/aldiv.c estimated size: 131

