Microchip MPLAB XC8 Compiler V2.05 ()

Linker command line:

-W-3 --edf=/opt/microchip/xc8/v2.05/pic/dat/en_msgs.txt -cs \
  -h+dist/default/production/Senior1.production.sym \
  --cmf=dist/default/production/Senior1.production.cmf -z -Q16F15345 \
  -o/tmp/xcXUKLRqx --defsym=__MPLAB_BUILD=1 \
  -Mdist/default/production/Senior1.production.map -E1 -ver=XC8 \
  --acfsm=1493 -ASTACK=02082h-023EFh -pstack=STACK -ACODE=00h-07FFhx4 \
  -ASTRCODE=00h-01FFFh -ASTRING=00h-0FFhx32 -ACONST=00h-0FFhx32 \
  -AENTRY=00h-0FFhx32 -ACOMMON=070h-07Fh -ABANK0=020h-06Fh \
  -ABANK1=0A0h-0EFh -ABANK2=0120h-016Fh -ABANK3=01A0h-01EFh \
  -ABANK4=0220h-026Fh -ABANK5=02A0h-02EFh -ABANK6=0320h-036Fh \
  -ABANK7=03A0h-03EFh -ABANK8=0420h-046Fh -ABANK9=04A0h-04EFh \
  -ABANK10=0520h-056Fh -ABANK11=05A0h-05EFh -ABANK12=0620h-064Fh \
  -ABIGRAM=02000h-023EFh \
  -ARAM=020h-06Fh,0A0h-0EFh,0120h-016Fh,01A0h-01EFh,0220h-026Fh,02A0h-02EFh,0320h-036Fh,03A0h-03EFh,0420h-046Fh,04A0h-04EFh,0520h-056Fh,05A0h-05EFh,0620h-064Fh \
  -AABS1=020h-07Fh,0A0h-0EFh,0120h-016Fh,01A0h-01EFh,0220h-026Fh,02A0h-02EFh,0320h-036Fh,03A0h-03EFh,0420h-046Fh,04A0h-04EFh,0520h-056Fh,05A0h-05EFh,0620h-064Fh \
  -ASFR0=00h-01Fh -ASFR1=080h-09Fh -ASFR2=0100h-011Fh -ASFR3=0180h-019Fh \
  -ASFR4=0200h-021Fh -ASFR5=0280h-029Fh -ASFR6=0300h-031Fh \
  -ASFR7=0380h-039Fh -ASFR8=0400h-041Fh -ASFR9=0480h-049Fh \
  -ASFR10=0500h-051Fh -ASFR11=0580h-059Fh -ASFR12=0600h-061Fh \
  -ASFR13=0680h-06EFh -ASFR14=0700h-076Fh -ASFR15=0780h-07EFh \
  -ASFR16=0800h-086Fh -ASFR17=0880h-08EFh -ASFR18=0900h-096Fh \
  -ASFR19=0980h-09EFh -ASFR20=0A00h-0A6Fh -ASFR21=0A80h-0AEFh \
  -ASFR22=0B00h-0B6Fh -ASFR23=0B80h-0BEFh -ASFR24=0C00h-0C6Fh \
  -ASFR25=0C80h-0CEFh -ASFR26=0D00h-0D6Fh -ASFR27=0D80h-0DEFh \
  -ASFR28=0E00h-0E6Fh -ASFR29=0E80h-0EEFh -ASFR30=0F00h-0F6Fh \
  -ASFR31=0F80h-0FEFh -ASFR32=01000h-0106Fh -ASFR33=01080h-010EFh \
  -ASFR34=01100h-0116Fh -ASFR35=01180h-011EFh -ASFR36=01200h-0126Fh \
  -ASFR37=01280h-012EFh -ASFR38=01300h-0136Fh -ASFR39=01380h-013EFh \
  -ASFR40=01400h-0146Fh -ASFR41=01480h-014EFh -ASFR42=01500h-0156Fh \
  -ASFR43=01580h-015EFh -ASFR44=01600h-0166Fh -ASFR45=01680h-016EFh \
  -ASFR46=01700h-0176Fh -ASFR47=01780h-017EFh -ASFR48=01800h-0186Fh \
  -ASFR49=01880h-018EFh -ASFR50=01900h-0196Fh -ASFR51=01980h-019EFh \
  -ASFR52=01A00h-01A6Fh -ASFR53=01A80h-01AEFh -ASFR54=01B00h-01B6Fh \
  -ASFR55=01B80h-01BEFh -ASFR56=01C00h-01C6Fh -ASFR57=01C80h-01CEFh \
  -ASFR58=01D00h-01D6Fh -ASFR59=01D80h-01DEFh -ASFR60=01E00h-01E6Fh \
  -ASFR61=01E80h-01EEFh -ASFR62=01F00h-01F6Fh -ASFR63=01F80h-01FEFh \
  -preset_vec=00h,intentry=04h,init,end_init -ppowerup=CODE -pcinit=CODE \
  -pfunctab=ENTRY -ACONFIG=08007h-0800Bh -pconfig=CONFIG -DCONFIG=2 \
  -AIDLOC=08000h-08003h -pidloc=IDLOC -DIDLOC=2 -DCODE=2 -DSTRCODE=2 \
  -DSTRING=2 -DCONST=2 -DENTRY=2 -k /tmp/xcXuuYPWg.o \
  dist/default/production/Senior1.production.o 

Object code version is 3.11

Machine type is 16F15345



                Name                               Link     Load   Length Selector   Space Scale
/tmp/xcXuuYPWg.o
                end_init                             3A       3A        2        8       0
                reset_vec                             0        0        2        0       0
                config                             8007     8007        5    1000E       0
dist/default/production/Senior1.production.o
                cinit                                3C       3C       13        8       0
                intentry                              4        4       36        8       0
                text13                              31C      31C        B        8       0
                text12                              311      311        B        8       0
                text11                              32D      32D        4        8       0
                text10                              306      306        B        8       0
                text9                               282      282       35        8       0
                text8                                4F       4F       9E        8       0
                text7                               2B7      2B7       26        8       0
                text6                               2F5      2F5       11        8       0
                text5                               334      334        3      668       0
                text3                                ED       ED       99        8       0
                text2                               186      186       82        8       0
                text1                               208      208       7A        8       0
                maintext                            2DD      2DD       18        8       0
                cstackBANK0                          20       20       2B       20       1
                cstackCOMMON                         70       70        E       70       1
                cstackBANK1                          C0       C0       12       A0       1
                clrtext                             327      327        6        8       0
                bssBANK1                             A0       A0       20       A0       1
                bssBANK0                             4B       4B        8       20       1
                stringtext1                         331      331        3      662       0

TOTAL           Name                               Link     Load   Length     Space
        CLASS   STACK          

        CLASS   CODE           
                end_init                             3A       3A        2         0
                cinit                                3C       3C       13         0
                intentry                              4        4       36         0
                reset_vec                             0        0        2         0
                text13                              31C      31C        B         0
                text12                              311      311        B         0
                text11                              32D      32D        4         0
                text10                              306      306        B         0
                text9                               282      282       35         0
                text8                                4F       4F       9E         0
                text7                               2B7      2B7       26         0
                text6                               2F5      2F5       11         0
                text5                               334      334        3         0
                text3                                ED       ED       99         0
                text2                               186      186       82         0
                text1                               208      208       7A         0
                maintext                            2DD      2DD       18         0
                clrtext                             327      327        6         0

        CLASS   STRCODE        
                stringtext1                         331      331        3         0

        CLASS   STRING         

        CLASS   CONST          

        CLASS   ENTRY          

        CLASS   COMMON         
                cstackCOMMON                         70       70        E         1

        CLASS   BANK0          
                cstackBANK0                          20       20       2B         1
                bssBANK0                             4B       4B        8         1

        CLASS   BANK1          
                cstackBANK1                          C0       C0       12         1
                bssBANK1                             A0       A0       20         1

        CLASS   BANK2          

        CLASS   BANK3          

        CLASS   BANK4          

        CLASS   BANK5          

        CLASS   BANK6          

        CLASS   BANK7          

        CLASS   BANK8          

        CLASS   BANK9          

        CLASS   BANK10         

        CLASS   BANK11         

        CLASS   BANK12         

        CLASS   BIGRAM         

        CLASS   RAM            

        CLASS   ABS1           
                abs_s1                               7E       7E        2         1

        CLASS   SFR0           

        CLASS   SFR1           

        CLASS   SFR2           

        CLASS   SFR3           

        CLASS   SFR4           

        CLASS   SFR5           

        CLASS   SFR6           

        CLASS   SFR7           

        CLASS   SFR8           

        CLASS   SFR9           

        CLASS   SFR10          

        CLASS   SFR11          

        CLASS   SFR12          

        CLASS   SFR13          

        CLASS   SFR14          

        CLASS   SFR15          

        CLASS   SFR16          

        CLASS   SFR17          

        CLASS   SFR18          

        CLASS   SFR19          

        CLASS   SFR20          

        CLASS   SFR21          

        CLASS   SFR22          

        CLASS   SFR23          

        CLASS   SFR24          

        CLASS   SFR25          

        CLASS   SFR26          

        CLASS   SFR27          

        CLASS   SFR28          

        CLASS   SFR29          

        CLASS   SFR30          

        CLASS   SFR31          

        CLASS   SFR32          

        CLASS   SFR33          

        CLASS   SFR34          

        CLASS   SFR35          

        CLASS   SFR36          

        CLASS   SFR37          

        CLASS   SFR38          

        CLASS   SFR39          

        CLASS   SFR40          

        CLASS   SFR41          

        CLASS   SFR42          

        CLASS   SFR43          

        CLASS   SFR44          

        CLASS   SFR45          

        CLASS   SFR46          

        CLASS   SFR47          

        CLASS   SFR48          

        CLASS   SFR49          

        CLASS   SFR50          

        CLASS   SFR51          

        CLASS   SFR52          

        CLASS   SFR53          

        CLASS   SFR54          

        CLASS   SFR55          

        CLASS   SFR56          

        CLASS   SFR57          

        CLASS   SFR58          

        CLASS   SFR59          

        CLASS   SFR60          

        CLASS   SFR61          

        CLASS   SFR62          

        CLASS   SFR63          

        CLASS   CONFIG         
                config                             8007     8007        5         0

        CLASS   IDLOC          

        CLASS   BANK63         

        CLASS   BANK62         

        CLASS   BANK61         

        CLASS   BANK60         

        CLASS   BANK59         

        CLASS   BANK58         

        CLASS   BANK57         

        CLASS   BANK56         

        CLASS   BANK55         

        CLASS   BANK54         

        CLASS   BANK53         

        CLASS   BANK52         

        CLASS   BANK51         

        CLASS   BANK50         

        CLASS   BANK49         

        CLASS   BANK48         

        CLASS   BANK47         

        CLASS   BANK46         

        CLASS   BANK45         

        CLASS   BANK44         

        CLASS   BANK43         

        CLASS   BANK42         

        CLASS   BANK41         

        CLASS   BANK40         

        CLASS   BANK39         

        CLASS   BANK38         

        CLASS   BANK37         

        CLASS   BANK36         

        CLASS   BANK35         

        CLASS   BANK34         

        CLASS   BANK33         

        CLASS   BANK32         

        CLASS   BANK31         

        CLASS   BANK30         

        CLASS   BANK29         

        CLASS   BANK28         

        CLASS   BANK27         

        CLASS   BANK26         

        CLASS   BANK25         

        CLASS   BANK24         

        CLASS   BANK23         

        CLASS   BANK22         

        CLASS   BANK21         

        CLASS   BANK20         

        CLASS   BANK19         

        CLASS   BANK18         

        CLASS   BANK17         

        CLASS   BANK16         

        CLASS   BANK15         

        CLASS   BANK14         

        CLASS   BANK13         

        CLASS   EEDATA         



SEGMENTS        Name                           Load    Length   Top    Selector   Space  Class     Delta

                reset_vec                      000000  000002  000002         0       0  CODE        2
                intentry                       000004  00032D  000331         8       0  CODE        2
                cstackBANK0                    000020  000033  000053        20       1  BANK0       1
                cstackCOMMON                   000070  00000E  00007E        70       1  COMMON      1
                bssBANK1                       0000A0  000032  0000D2        A0       1  BANK1       1
                stringtext1                    000331  000003  000334       662       0  STRCODE     2
                text5                          000334  000003  000337       668       0  CODE        2
                config                         008007  000005  00800C     1000E       0  CONFIG      2


UNUSED ADDRESS RANGES

        Name                Unused          Largest block    Delta
        BANK0            00053-0006F              1D           1
        BANK1            000D2-000EF              1E           1
        BANK10           00520-0056F              50           1
        BANK11           005A0-005EF              50           1
        BANK12           00620-0064F              30           1
        BANK2            00120-0016F              50           1
        BANK3            001A0-001EF              50           1
        BANK4            00220-0026F              50           1
        BANK5            002A0-002EF              50           1
        BANK6            00320-0036F              50           1
        BANK7            003A0-003EF              50           1
        BANK8            00420-0046F              50           1
        BANK9            004A0-004EF              50           1
        BIGRAM           02000-023EF             3F0           1
        CODE             00002-00003               2           2
                         00337-01FFF             800
        CONST            00002-00003               2           2
                         00337-01FFF             100
        ENTRY            00002-00003               2           2
                         00337-01FFF             100
        IDLOC            08000-08003               4           2
        RAM              00053-0006F              1D           1
                         000D2-000EF              1E
                         00120-0016F              50
                         001A0-001EF              50
                         00220-0026F              50
                         002A0-002EF              50
                         00320-0036F              50
                         003A0-003EF              50
                         00420-0046F              50
                         004A0-004EF              50
                         00520-0056F              50
                         005A0-005EF              50
                         00620-0064F              30
        SFR0             00000-0001F              20           1
        SFR1             00080-0009F              20           1
        SFR10            00500-0051F              20           1
        SFR11            00580-0059F              20           1
        SFR12            00600-0061F              20           1
        SFR13            00680-006EF              70           1
        SFR14            00700-0076F              70           1
        SFR15            00780-007EF              70           1
        SFR16            00800-0086F              70           1
        SFR17            00880-008EF              70           1
        SFR18            00900-0096F              70           1
        SFR19            00980-009EF              70           1
        SFR2             00100-0011F              20           1
        SFR20            00A00-00A6F              70           1
        SFR21            00A80-00AEF              70           1
        SFR22            00B00-00B6F              70           1
        SFR23            00B80-00BEF              70           1
        SFR24            00C00-00C6F              70           1
        SFR25            00C80-00CEF              70           1
        SFR26            00D00-00D6F              70           1
        SFR27            00D80-00DEF              70           1
        SFR28            00E00-00E6F              70           1
        SFR29            00E80-00EEF              70           1
        SFR3             00180-0019F              20           1
        SFR30            00F00-00F6F              70           1
        SFR31            00F80-00FEF              70           1
        SFR32            01000-0106F              70           1
        SFR33            01080-010EF              70           1
        SFR34            01100-0116F              70           1
        SFR35            01180-011EF              70           1
        SFR36            01200-0126F              70           1
        SFR37            01280-012EF              70           1
        SFR38            01300-0136F              70           1
        SFR39            01380-013EF              70           1
        SFR4             00200-0021F              20           1
        SFR40            01400-0146F              70           1
        SFR41            01480-014EF              70           1
        SFR42            01500-0156F              70           1
        SFR43            01580-015EF              70           1
        SFR44            01600-0166F              70           1
        SFR45            01680-016EF              70           1
        SFR46            01700-0176F              70           1
        SFR47            01780-017EF              70           1
        SFR48            01800-0186F              70           1
        SFR49            01880-018EF              70           1
        SFR5             00280-0029F              20           1
        SFR50            01900-0196F              70           1
        SFR51            01980-019EF              70           1
        SFR52            01A00-01A6F              70           1
        SFR53            01A80-01AEF              70           1
        SFR54            01B00-01B6F              70           1
        SFR55            01B80-01BEF              70           1
        SFR56            01C00-01C6F              70           1
        SFR57            01C80-01CEF              70           1
        SFR58            01D00-01D6F              70           1
        SFR59            01D80-01DEF              70           1
        SFR6             00300-0031F              20           1
        SFR60            01E00-01E6F              70           1
        SFR61            01E80-01EEF              70           1
        SFR62            01F00-01F6F              70           1
        SFR63            01F80-01FEF              70           1
        SFR7             00380-0039F              20           1
        SFR8             00400-0041F              20           1
        SFR9             00480-0049F              20           1
        STACK            02082-023EF             36E           1
        STRCODE          00002-00003               2           2
                         00337-01FFF            1CC9
        STRING           00002-00003               2           2
                         00337-01FFF             100

                                  Symbol Table

?_ADC_read               cstackCOMMON 00070
?_ADC_read_high          cstackCOMMON 00070
?___aldiv                cstackBANK0  00038
?_printf                 cstackBANK0  0002D
?_vfpfcnvrt              cstackCOMMON 00079
?_vfprintf               cstackBANK0  00025
ADC_init@block           cstackBANK0  0003C
ADC_init@chan            cstackBANK0  0003D
ADC_init@pin             cstackBANK0  00038
ADC_init@pinNum          cstackBANK0  0003E
ISR@adc_out_high         cstackBANK0  00034
ISR@adc_out_low          cstackBANK0  00036
_ADCON0                  (abs)        0009D
_ADCON0bits              (abs)        0009D
_ADCON1                  (abs)        0009E
_ADC_init                text3        000ED
_ADC_read                text13       0031C
_ADC_read_high           text12       00311
_ADRESH                  (abs)        0009C
_ADRESL                  (abs)        0009B
_ANSELA                  (abs)        01F38
_ANSELB                  (abs)        01F43
_ANSELC                  (abs)        01F4E
_BAUD1CON                (abs)        0011F
_INTCONbits              (abs)        0000B
_ISR                     intentry     00004
_PEIE                    (abs)        0005E
_PIE1bits                (abs)        00717
_PIR1bits                (abs)        0070D
_PIR3bits                (abs)        0070F
_RC1IE                   (abs)        038CD
_RC1REG                  (abs)        00119
_RC1STA                  (abs)        0011D
_RC5PPS                  (abs)        01F25
_RCSTAbits               (abs)        0011D
_RX1DTPPS                (abs)        01ECB
_SPBRG                   (abs)        0011B
_TRISA                   (abs)        00012
_TRISB                   (abs)        00013
_TRISC                   (abs)        00014
_TX1REG                  (abs)        0011A
_TX1STA                  (abs)        0011E
_TX1STAbits              (abs)        0011E
_TXREG                   (abs)        0011A
_TXSTA                   (abs)        0011E
__CFG_BBEN$OFF           (abs)        00000
__CFG_BBSIZE$BB512       (abs)        00000
__CFG_BOREN$ON           (abs)        00000
__CFG_BORV$LO            (abs)        00000
__CFG_CLKOUTEN$OFF       (abs)        00000
__CFG_CP$OFF             (abs)        00000
__CFG_CSWEN$ON           (abs)        00000
__CFG_FCMEN$ON           (abs)        00000
__CFG_FEXTOSC$OFF        (abs)        00000
__CFG_LPBOREN$OFF        (abs)        00000
__CFG_LVP$ON             (abs)        00000
__CFG_MCLRE$ON           (abs)        00000
__CFG_PPS1WAY$ON         (abs)        00000
__CFG_PWRTE$OFF          (abs)        00000
__CFG_RSTOSC$HFINT32     (abs)        00000
__CFG_SAFEN$OFF          (abs)        00000
__CFG_STVREN$ON          (abs)        00000
__CFG_WDTCCS$SC          (abs)        00000
__CFG_WDTCPS$WDTCPS_31   (abs)        00000
__CFG_WDTCWS$WDTCWS_7    (abs)        00000
__CFG_WDTE$NSLEEP        (abs)        00000
__CFG_WRTAPP$OFF         (abs)        00000
__CFG_WRTB$OFF           (abs)        00000
__CFG_WRTC$OFF           (abs)        00000
__CFG_WRTSAF$OFF         (abs)        00000
__CFG_ZCD$OFF            (abs)        00000
__Habs1                  abs1         00000
__Hbank0                 bank0        00000
__Hbank1                 bank1        00000
__Hbank10                bank10       00000
__Hbank11                bank11       00000
__Hbank12                bank12       00000
__Hbank13                bank13       00000
__Hbank14                bank14       00000
__Hbank15                bank15       00000
__Hbank16                bank16       00000
__Hbank17                bank17       00000
__Hbank18                bank18       00000
__Hbank19                bank19       00000
__Hbank2                 bank2        00000
__Hbank20                bank20       00000
__Hbank21                bank21       00000
__Hbank22                bank22       00000
__Hbank23                bank23       00000
__Hbank24                bank24       00000
__Hbank25                bank25       00000
__Hbank26                bank26       00000
__Hbank27                bank27       00000
__Hbank28                bank28       00000
__Hbank29                bank29       00000
__Hbank3                 bank3        00000
__Hbank30                bank30       00000
__Hbank31                bank31       00000
__Hbank32                bank32       00000
__Hbank33                bank33       00000
__Hbank34                bank34       00000
__Hbank35                bank35       00000
__Hbank36                bank36       00000
__Hbank37                bank37       00000
__Hbank38                bank38       00000
__Hbank39                bank39       00000
__Hbank4                 bank4        00000
__Hbank40                bank40       00000
__Hbank41                bank41       00000
__Hbank42                bank42       00000
__Hbank43                bank43       00000
__Hbank44                bank44       00000
__Hbank45                bank45       00000
__Hbank46                bank46       00000
__Hbank47                bank47       00000
__Hbank48                bank48       00000
__Hbank49                bank49       00000
__Hbank5                 bank5        00000
__Hbank50                bank50       00000
__Hbank51                bank51       00000
__Hbank52                bank52       00000
__Hbank53                bank53       00000
__Hbank54                bank54       00000
__Hbank55                bank55       00000
__Hbank56                bank56       00000
__Hbank57                bank57       00000
__Hbank58                bank58       00000
__Hbank59                bank59       00000
__Hbank6                 bank6        00000
__Hbank60                bank60       00000
__Hbank61                bank61       00000
__Hbank62                bank62       00000
__Hbank63                bank63       00000
__Hbank7                 bank7        00000
__Hbank8                 bank8        00000
__Hbank9                 bank9        00000
__Hbigram                bigram       00000
__HbssBANK0              bssBANK0     00000
__HbssBANK1              bssBANK1     00000
__Hcinit                 cinit        0004F
__Hclrtext               clrtext      00000
__Hcode                  code         00000
__Hcommon                common       00000
__Hconfig                config       0800C
__HcstackBANK0           cstackBANK0  00000
__HcstackBANK1           cstackBANK1  00000
__HcstackCOMMON          cstackCOMMON 00000
__Heeprom_data           eeprom_data  00000
__Hend_init              end_init     0003C
__Hfunctab               functab      00000
__Hidloc                 idloc        00000
__Hinit                  init         0003A
__Hintentry              intentry     0003A
__Hmaintext              maintext     00000
__Hpowerup               powerup      00000
__Hram                   ram          00000
__Hreset_vec             reset_vec    00002
__Hsfr0                  sfr0         00000
__Hsfr1                  sfr1         00000
__Hsfr10                 sfr10        00000
__Hsfr11                 sfr11        00000
__Hsfr12                 sfr12        00000
__Hsfr13                 sfr13        00000
__Hsfr14                 sfr14        00000
__Hsfr15                 sfr15        00000
__Hsfr16                 sfr16        00000
__Hsfr17                 sfr17        00000
__Hsfr18                 sfr18        00000
__Hsfr19                 sfr19        00000
__Hsfr2                  sfr2         00000
__Hsfr20                 sfr20        00000
__Hsfr21                 sfr21        00000
__Hsfr22                 sfr22        00000
__Hsfr23                 sfr23        00000
__Hsfr24                 sfr24        00000
__Hsfr25                 sfr25        00000
__Hsfr26                 sfr26        00000
__Hsfr27                 sfr27        00000
__Hsfr28                 sfr28        00000
__Hsfr29                 sfr29        00000
__Hsfr3                  sfr3         00000
__Hsfr30                 sfr30        00000
__Hsfr31                 sfr31        00000
__Hsfr32                 sfr32        00000
__Hsfr33                 sfr33        00000
__Hsfr34                 sfr34        00000
__Hsfr35                 sfr35        00000
__Hsfr36                 sfr36        00000
__Hsfr37                 sfr37        00000
__Hsfr38                 sfr38        00000
__Hsfr39                 sfr39        00000
__Hsfr4                  sfr4         00000
__Hsfr40                 sfr40        00000
__Hsfr41                 sfr41        00000
__Hsfr42                 sfr42        00000
__Hsfr43                 sfr43        00000
__Hsfr44                 sfr44        00000
__Hsfr45                 sfr45        00000
__Hsfr46                 sfr46        00000
__Hsfr47                 sfr47        00000
__Hsfr48                 sfr48        00000
__Hsfr49                 sfr49        00000
__Hsfr5                  sfr5         00000
__Hsfr50                 sfr50        00000
__Hsfr51                 sfr51        00000
__Hsfr52                 sfr52        00000
__Hsfr53                 sfr53        00000
__Hsfr54                 sfr54        00000
__Hsfr55                 sfr55        00000
__Hsfr56                 sfr56        00000
__Hsfr57                 sfr57        00000
__Hsfr58                 sfr58        00000
__Hsfr59                 sfr59        00000
__Hsfr6                  sfr6         00000
__Hsfr60                 sfr60        00000
__Hsfr61                 sfr61        00000
__Hsfr62                 sfr62        00000
__Hsfr63                 sfr63        00000
__Hsfr7                  sfr7         00000
__Hsfr8                  sfr8         00000
__Hsfr9                  sfr9         00000
__Hspace_0               (abs)        0800C
__Hspace_1               (abs)        000D2
__Hspace_2               (abs)        00000
__Hspace_3               (abs)        00000
__Hstack                 stack        00000
__Hstrings               strings      00000
__Hstringtext1           stringtext1  00000
__Hstringtext2           stringtext2  00000
__Htext                  text         00000
__Labs1                  abs1         00000
__Lbank0                 bank0        00000
__Lbank1                 bank1        00000
__Lbank10                bank10       00000
__Lbank11                bank11       00000
__Lbank12                bank12       00000
__Lbank13                bank13       00000
__Lbank14                bank14       00000
__Lbank15                bank15       00000
__Lbank16                bank16       00000
__Lbank17                bank17       00000
__Lbank18                bank18       00000
__Lbank19                bank19       00000
__Lbank2                 bank2        00000
__Lbank20                bank20       00000
__Lbank21                bank21       00000
__Lbank22                bank22       00000
__Lbank23                bank23       00000
__Lbank24                bank24       00000
__Lbank25                bank25       00000
__Lbank26                bank26       00000
__Lbank27                bank27       00000
__Lbank28                bank28       00000
__Lbank29                bank29       00000
__Lbank3                 bank3        00000
__Lbank30                bank30       00000
__Lbank31                bank31       00000
__Lbank32                bank32       00000
__Lbank33                bank33       00000
__Lbank34                bank34       00000
__Lbank35                bank35       00000
__Lbank36                bank36       00000
__Lbank37                bank37       00000
__Lbank38                bank38       00000
__Lbank39                bank39       00000
__Lbank4                 bank4        00000
__Lbank40                bank40       00000
__Lbank41                bank41       00000
__Lbank42                bank42       00000
__Lbank43                bank43       00000
__Lbank44                bank44       00000
__Lbank45                bank45       00000
__Lbank46                bank46       00000
__Lbank47                bank47       00000
__Lbank48                bank48       00000
__Lbank49                bank49       00000
__Lbank5                 bank5        00000
__Lbank50                bank50       00000
__Lbank51                bank51       00000
__Lbank52                bank52       00000
__Lbank53                bank53       00000
__Lbank54                bank54       00000
__Lbank55                bank55       00000
__Lbank56                bank56       00000
__Lbank57                bank57       00000
__Lbank58                bank58       00000
__Lbank59                bank59       00000
__Lbank6                 bank6        00000
__Lbank60                bank60       00000
__Lbank61                bank61       00000
__Lbank62                bank62       00000
__Lbank63                bank63       00000
__Lbank7                 bank7        00000
__Lbank8                 bank8        00000
__Lbank9                 bank9        00000
__Lbigram                bigram       00000
__LbssBANK0              bssBANK0     00000
__LbssBANK1              bssBANK1     00000
__Lcinit                 cinit        0003C
__Lclrtext               clrtext      00000
__Lcode                  code         00000
__Lcommon                common       00000
__Lconfig                config       08007
__LcstackBANK0           cstackBANK0  00000
__LcstackBANK1           cstackBANK1  00000
__LcstackCOMMON          cstackCOMMON 00000
__Leeprom_data           eeprom_data  00000
__Lend_init              end_init     0003A
__Lfunctab               functab      00000
__Lidloc                 idloc        00000
__Linit                  init         0003A
__Lintentry              intentry     00004
__Lmaintext              maintext     00000
__Lpowerup               powerup      00000
__Lram                   ram          00000
__Lreset_vec             reset_vec    00000
__Lsfr0                  sfr0         00000
__Lsfr1                  sfr1         00000
__Lsfr10                 sfr10        00000
__Lsfr11                 sfr11        00000
__Lsfr12                 sfr12        00000
__Lsfr13                 sfr13        00000
__Lsfr14                 sfr14        00000
__Lsfr15                 sfr15        00000
__Lsfr16                 sfr16        00000
__Lsfr17                 sfr17        00000
__Lsfr18                 sfr18        00000
__Lsfr19                 sfr19        00000
__Lsfr2                  sfr2         00000
__Lsfr20                 sfr20        00000
__Lsfr21                 sfr21        00000
__Lsfr22                 sfr22        00000
__Lsfr23                 sfr23        00000
__Lsfr24                 sfr24        00000
__Lsfr25                 sfr25        00000
__Lsfr26                 sfr26        00000
__Lsfr27                 sfr27        00000
__Lsfr28                 sfr28        00000
__Lsfr29                 sfr29        00000
__Lsfr3                  sfr3         00000
__Lsfr30                 sfr30        00000
__Lsfr31                 sfr31        00000
__Lsfr32                 sfr32        00000
__Lsfr33                 sfr33        00000
__Lsfr34                 sfr34        00000
__Lsfr35                 sfr35        00000
__Lsfr36                 sfr36        00000
__Lsfr37                 sfr37        00000
__Lsfr38                 sfr38        00000
__Lsfr39                 sfr39        00000
__Lsfr4                  sfr4         00000
__Lsfr40                 sfr40        00000
__Lsfr41                 sfr41        00000
__Lsfr42                 sfr42        00000
__Lsfr43                 sfr43        00000
__Lsfr44                 sfr44        00000
__Lsfr45                 sfr45        00000
__Lsfr46                 sfr46        00000
__Lsfr47                 sfr47        00000
__Lsfr48                 sfr48        00000
__Lsfr49                 sfr49        00000
__Lsfr5                  sfr5         00000
__Lsfr50                 sfr50        00000
__Lsfr51                 sfr51        00000
__Lsfr52                 sfr52        00000
__Lsfr53                 sfr53        00000
__Lsfr54                 sfr54        00000
__Lsfr55                 sfr55        00000
__Lsfr56                 sfr56        00000
__Lsfr57                 sfr57        00000
__Lsfr58                 sfr58        00000
__Lsfr59                 sfr59        00000
__Lsfr6                  sfr6         00000
__Lsfr60                 sfr60        00000
__Lsfr61                 sfr61        00000
__Lsfr62                 sfr62        00000
__Lsfr63                 sfr63        00000
__Lsfr7                  sfr7         00000
__Lsfr8                  sfr8         00000
__Lsfr9                  sfr9         00000
__Lspace_0               (abs)        00000
__Lspace_1               (abs)        00000
__Lspace_2               (abs)        00000
__Lspace_3               (abs)        00000
__Lstack                 stack        00000
__Lstrings               strings      00000
__Lstringtext1           stringtext1  00000
__Lstringtext2           stringtext2  00000
__Ltext                  text         00000
__S0                     (abs)        0800C
__S1                     (abs)        000D2
__S2                     (abs)        00000
___aldiv                 text2        00186
___aldiv@counter         cstackBANK0  00041
___aldiv@dividend        cstackBANK0  0003C
___aldiv@divisor         cstackBANK0  00038
___aldiv@quotient        cstackBANK0  00043
___aldiv@sign            cstackBANK0  00042
___int_sp                stack        00000
___latbits               (abs)        00002
___sp                    stack        00000
___stackhi               (abs)        023EF
___stacklo               (abs)        02082
__end_of_ADC_init        text3        00186
__end_of_ADC_read        text13       00327
__end_of_ADC_read_high   text12       0031C
__end_of_ISR             intentry     0003A
__end_of___aldiv         text2        00208
__end_of__initialization cinit        0004B
__end_of_fputc           text9        002B7
__end_of_init_UART       text1        00282
__end_of_main            maintext     002F5
__end_of_printIntSerial  text11       00331
__end_of_printf          text6        00306
__end_of_putch           text10       00311
__end_of_readSerial      text5        00337
__end_of_vfpfcnvrt       text8        000ED
__end_of_vfprintf        text7        002DD
__initialization         cinit        0003C
__pbssBANK0              bssBANK0     0004B
__pbssBANK1              bssBANK1     000A0
__pcstackBANK0           cstackBANK0  00020
__pcstackBANK1           cstackBANK1  000C0
__pcstackCOMMON          cstackCOMMON 00070
__pintentry              intentry     00004
__pmaintext              maintext     002DD
__pstringtext1           stringtext1  00331
__pstringtext2           stringtext2  00000
__ptext1                 text1        00208
__ptext10                text10       00306
__ptext11                text11       0032D
__ptext12                text12       00311
__ptext13                text13       0031C
__ptext2                 text2        00186
__ptext3                 text3        000ED
__ptext5                 text5        00334
__ptext6                 text6        002F5
__ptext7                 text7        002B7
__ptext8                 text8        0004F
__ptext9                 text9        00282
__size_of_ADC_init       (abs)        00000
__size_of_ADC_read       (abs)        00000
__size_of_ADC_read_high  (abs)        00000
__size_of_ISR            (abs)        00000
__size_of___aldiv        (abs)        00000
__size_of_fputc          (abs)        00000
__size_of_init_UART      (abs)        00000
__size_of_main           (abs)        00000
__size_of_printIntSerial (abs)        00000
__size_of_printf         (abs)        00000
__size_of_putch          (abs)        00000
__size_of_readSerial     (abs)        00000
__size_of_vfpfcnvrt      (abs)        00000
__size_of_vfprintf       (abs)        00000
_flags                   bssBANK0     00051
_fputc                   text9        00282
_init_UART               text1        00208
_main                    maintext     002DD
_nout                    bssBANK0     0004B
_prec                    bssBANK0     0004F
_printIntSerial          text11       0032D
_printf                  text6        002F5
_putch                   text10       00306
_readSerial              text5        00334
_vfpfcnvrt               text8        0004F
_vfprintf                text7        002B7
_width                   bssBANK0     0004D
btemp                    (abs)        0007E
clear_ram0               clrtext      00327
end_of_initialization    cinit        0004B
fputc@c                  cstackCOMMON 00071
fputc@fp                 cstackCOMMON 00073
init_UART@baud_rate      cstackBANK0  00047
init_UART@spbrgVal       cstackBANK1  000D0
int$flags                (abs)        0007E
intlevel0                functab      00000
intlevel1                functab      00000
intlevel2                functab      00000
intlevel3                functab      00000
intlevel4                functab      00000
intlevel5                functab      00000
printIntSerial@intToSend cstackCOMMON 00070
printf@ap                cstackBANK0  00031
printf@fmt               cstackBANK0  0002D
putch@byte               cstackCOMMON 00070
reset_vec                reset_vec    00000
start                    init         0003A
start_initialization     cinit        0003C
vfpfcnvrt@ap             cstackCOMMON 0007A
vfpfcnvrt@fmt            cstackCOMMON 00079
vfpfcnvrt@fp             cstackCOMMON 0007C
vfpfcnvrt@vp             cstackCOMMON 0007B
vfprintf@ap              cstackBANK0  00027
vfprintf@cfmt            cstackBANK0  0002B
vfprintf@fmt             cstackBANK0  00025
vfprintf@fp              cstackBANK0  0002A
wtemp0                   (abs)        0007E


FUNCTION INFORMATION:

 *************** function _main *****************
 Defined at:
		line 72 in file "main.c"
 Parameters:    Size  Location     Type
		None
 Auto vars:     Size  Location     Type
		None
 Return value:  Size  Location     Type
                  1    wreg      void 
 Registers used:
		wreg, fsr0l, fsr0h, status,2, status,0, pclath, cstack
 Tracked objects:
		On entry : 
		On exit  : 
		Unchanged: 
 Data sizes:     COMMON   BANK0   BANK1   BANK2   BANK3   BANK4   BANK5   BANK6   BANK7   BANK8   BANK9  BANK10  BANK11  BANK12
      Params:         0       0       0       0       0       0       0       0       0       0       0       0       0       0
      Locals:         0       0       0       0       0       0       0       0       0       0       0       0       0       0
      Temps:          0       0       0       0       0       0       0       0       0       0       0       0       0       0
      Totals:         0       0       0       0       0       0       0       0       0       0       0       0       0       0
Total ram usage:        0 bytes
 Hardware stack levels required when called:    8
 This function calls:
		_ADC_init
		_init_UART
 This function is called by:
		Startup code after reset
 This function uses a non-reentrant model


 *************** function _init_UART *****************
 Defined at:
		line 5 in file "UART_funcs.c"
 Parameters:    Size  Location     Type
  baud_rate       4   39[BANK0 ] long 
 Auto vars:     Size  Location     Type
  clock           4    0        long 
  spbrgVal        2   16[BANK1 ] unsigned int 
 Return value:  Size  Location     Type
                  1    wreg      void 
 Registers used:
		wreg, status,2, status,0, pclath, cstack
 Tracked objects:
		On entry : 
		On exit  : 
		Unchanged: 
 Data sizes:     COMMON   BANK0   BANK1   BANK2   BANK3   BANK4   BANK5   BANK6   BANK7   BANK8   BANK9  BANK10  BANK11  BANK12
      Params:         0       4       0       0       0       0       0       0       0       0       0       0       0       0
      Locals:         0       0       6       0       0       0       0       0       0       0       0       0       0       0
      Temps:          0       0      12       0       0       0       0       0       0       0       0       0       0       0
      Totals:         0       4      18       0       0       0       0       0       0       0       0       0       0       0
Total ram usage:       22 bytes
 Hardware stack levels used:    1
 Hardware stack levels required when called:    7
 This function calls:
		___aldiv
 This function is called by:
		_main
 This function uses a non-reentrant model


 *************** function ___aldiv *****************
 Defined at:
		line 5 in file "/opt/microchip/xc8/v2.05/pic/sources/c99/common/aldiv.c"
 Parameters:    Size  Location     Type
  divisor         4   24[BANK0 ] long 
  dividend        4   28[BANK0 ] long 
 Auto vars:     Size  Location     Type
  quotient        4   35[BANK0 ] long 
  sign            1   34[BANK0 ] unsigned char 
  counter         1   33[BANK0 ] unsigned char 
 Return value:  Size  Location     Type
                  4   24[BANK0 ] long 
 Registers used:
		wreg, status,2, status,0
 Tracked objects:
		On entry : 
		On exit  : 
		Unchanged: 
 Data sizes:     COMMON   BANK0   BANK1   BANK2   BANK3   BANK4   BANK5   BANK6   BANK7   BANK8   BANK9  BANK10  BANK11  BANK12
      Params:         0       8       0       0       0       0       0       0       0       0       0       0       0       0
      Locals:         0       6       0       0       0       0       0       0       0       0       0       0       0       0
      Temps:          0       1       0       0       0       0       0       0       0       0       0       0       0       0
      Totals:         0      15       0       0       0       0       0       0       0       0       0       0       0       0
Total ram usage:       15 bytes
 Hardware stack levels used:    1
 Hardware stack levels required when called:    6
 This function calls:
		Nothing
 This function is called by:
		_init_UART
 This function uses a non-reentrant model


 *************** function _ADC_init *****************
 Defined at:
		line 5 in file "ADC_funcs.c"
 Parameters:    Size  Location     Type
  pin             2   24[BANK0 ] PTR unsigned char 
		 -> STR_1(3), 
 Auto vars:     Size  Location     Type
  pinNum          2   30[BANK0 ] int 
  chan            1   29[BANK0 ] unsigned char 
  block           1   28[BANK0 ] unsigned char 
 Return value:  Size  Location     Type
                  1    wreg      unsigned char 
 Registers used:
		wreg, fsr0l, fsr0h, status,2, status,0, pclath
 Tracked objects:
		On entry : 
		On exit  : 
		Unchanged: 
 Data sizes:     COMMON   BANK0   BANK1   BANK2   BANK3   BANK4   BANK5   BANK6   BANK7   BANK8   BANK9  BANK10  BANK11  BANK12
      Params:         0       2       0       0       0       0       0       0       0       0       0       0       0       0
      Locals:         0       4       0       0       0       0       0       0       0       0       0       0       0       0
      Temps:          0       2       0       0       0       0       0       0       0       0       0       0       0       0
      Totals:         0       8       0       0       0       0       0       0       0       0       0       0       0       0
Total ram usage:        8 bytes
 Hardware stack levels used:    1
 Hardware stack levels required when called:    6
 This function calls:
		Nothing
 This function is called by:
		_main
 This function uses a non-reentrant model


 *************** function _ISR *****************
 Defined at:
		line 54 in file "main.c"
 Parameters:    Size  Location     Type
		None
 Auto vars:     Size  Location     Type
  adc_out_low     2   22[BANK0 ] unsigned int 
  adc_out_high    2   20[BANK0 ] unsigned int 
 Return value:  Size  Location     Type
                  1    wreg      void 
 Registers used:
		wreg, fsr0l, fsr0h, fsr1l, fsr1h, status,2, status,0, pclath, cstack
 Tracked objects:
		On entry : 
		On exit  : 
		Unchanged: 
 Data sizes:     COMMON   BANK0   BANK1   BANK2   BANK3   BANK4   BANK5   BANK6   BANK7   BANK8   BANK9  BANK10  BANK11  BANK12
      Params:         0       0       0       0       0       0       0       0       0       0       0       0       0       0
      Locals:         0       4       0       0       0       0       0       0       0       0       0       0       0       0
      Temps:          0       2       0       0       0       0       0       0       0       0       0       0       0       0
      Totals:         0       6       0       0       0       0       0       0       0       0       0       0       0       0
Total ram usage:        6 bytes
 Hardware stack levels used:    1
 Hardware stack levels required when called:    5
 This function calls:
		_ADC_read
		_ADC_read_high
		_printIntSerial
		_printf
		_readSerial
 This function is called by:
		Interrupt level 1
 This function uses a non-reentrant model


 *************** function _readSerial *****************
 Defined at:
		line 41 in file "UART_funcs.c"
 Parameters:    Size  Location     Type
		None
 Auto vars:     Size  Location     Type
		None
 Return value:  Size  Location     Type
                  1    wreg      unsigned char 
 Registers used:
		wreg
 Tracked objects:
		On entry : 
		On exit  : 
		Unchanged: 
 Data sizes:     COMMON   BANK0   BANK1   BANK2   BANK3   BANK4   BANK5   BANK6   BANK7   BANK8   BANK9  BANK10  BANK11  BANK12
      Params:         0       0       0       0       0       0       0       0       0       0       0       0       0       0
      Locals:         0       0       0       0       0       0       0       0       0       0       0       0       0       0
      Temps:          0       0       0       0       0       0       0       0       0       0       0       0       0       0
      Totals:         0       0       0       0       0       0       0       0       0       0       0       0       0       0
Total ram usage:        0 bytes
 Hardware stack levels used:    1
 This function calls:
		Nothing
 This function is called by:
		_ISR
 This function uses a non-reentrant model


 *************** function _printf *****************
 Defined at:
		line 5 in file "/opt/microchip/xc8/v2.05/pic/sources/c99/common/printf.c"
 Parameters:    Size  Location     Type
  fmt             2   13[BANK0 ] PTR const unsigned char 
		 -> ROM(8192), 
 Auto vars:     Size  Location     Type
  ret             2    0        int 
  ap              1   17[BANK0 ] PTR void [1]
		 -> ?_printf(2), 
 Return value:  Size  Location     Type
                  2   13[BANK0 ] int 
 Registers used:
		wreg, fsr0l, fsr0h, fsr1l, fsr1h, status,2, status,0, pclath, cstack
 Tracked objects:
		On entry : 
		On exit  : 
		Unchanged: 
 Data sizes:     COMMON   BANK0   BANK1   BANK2   BANK3   BANK4   BANK5   BANK6   BANK7   BANK8   BANK9  BANK10  BANK11  BANK12
      Params:         0       2       0       0       0       0       0       0       0       0       0       0       0       0
      Locals:         0       3       0       0       0       0       0       0       0       0       0       0       0       0
      Temps:          1       0       0       0       0       0       0       0       0       0       0       0       0       0
      Totals:         1       5       0       0       0       0       0       0       0       0       0       0       0       0
Total ram usage:        6 bytes
 Hardware stack levels used:    1
 Hardware stack levels required when called:    4
 This function calls:
		_vfprintf
 This function is called by:
		_ISR
 This function uses a non-reentrant model


 *************** function _vfprintf *****************
 Defined at:
		line 1368 in file "/opt/microchip/xc8/v2.05/pic/sources/c99/common/doprnt.c"
 Parameters:    Size  Location     Type
  fp              1    wreg     PTR struct _IO_FILE
		 -> NULL(0), 
  fmt             2    5[BANK0 ] PTR const unsigned char 
		 -> ROM(8192), 
  ap              1    7[BANK0 ] PTR PTR void 
		 -> printf@ap(1), 
 Auto vars:     Size  Location     Type
  fp              1   10[BANK0 ] PTR struct _IO_FILE
		 -> NULL(0), 
  cfmt            2   11[BANK0 ] PTR unsigned char 
		 -> ROM(8192), 
 Return value:  Size  Location     Type
                  2    5[BANK0 ] int 
 Registers used:
		wreg, fsr0l, fsr0h, fsr1l, fsr1h, status,2, status,0, pclath, cstack
 Tracked objects:
		On entry : 
		On exit  : 
		Unchanged: 
 Data sizes:     COMMON   BANK0   BANK1   BANK2   BANK3   BANK4   BANK5   BANK6   BANK7   BANK8   BANK9  BANK10  BANK11  BANK12
      Params:         0       3       0       0       0       0       0       0       0       0       0       0       0       0
      Locals:         0       3       0       0       0       0       0       0       0       0       0       0       0       0
      Temps:          0       2       0       0       0       0       0       0       0       0       0       0       0       0
      Totals:         0       8       0       0       0       0       0       0       0       0       0       0       0       0
Total ram usage:        8 bytes
 Hardware stack levels used:    1
 Hardware stack levels required when called:    3
 This function calls:
		_vfpfcnvrt
 This function is called by:
		_printf
 This function uses a non-reentrant model


 *************** function _vfpfcnvrt *****************
 Defined at:
		line 670 in file "/opt/microchip/xc8/v2.05/pic/sources/c99/common/doprnt.c"
 Parameters:    Size  Location     Type
  fp              1    wreg     PTR struct _IO_FILE
		 -> NULL(0), 
  fmt             1    9[COMMON] PTR PTR unsigned char 
		 -> vfprintf@cfmt(2), 
  ap              1   10[COMMON] PTR PTR void 
		 -> printf@ap(1), 
 Auto vars:     Size  Location     Type
  fp              1   12[COMMON] PTR struct _IO_FILE
		 -> NULL(0), 
  llu             8    0        unsigned long long 
  ll              8    0        long long 
  f               4    0        long long 
  ct              3    0        unsigned char [3]
  i               2    0        int 
  done            2    0        int 
  cp              2    0        PTR unsigned char 
  vp              1   11[COMMON] PTR void 
		 -> ?_printf(2), 
  c               1    0        unsigned char 
 Return value:  Size  Location     Type
                  2    9[COMMON] int 
 Registers used:
		wreg, fsr0l, fsr0h, fsr1l, fsr1h, status,2, status,0, pclath, cstack
 Tracked objects:
		On entry : 
		On exit  : 
		Unchanged: 
 Data sizes:     COMMON   BANK0   BANK1   BANK2   BANK3   BANK4   BANK5   BANK6   BANK7   BANK8   BANK9  BANK10  BANK11  BANK12
      Params:         2       0       0       0       0       0       0       0       0       0       0       0       0       0
      Locals:         2       0       0       0       0       0       0       0       0       0       0       0       0       0
      Temps:          0       5       0       0       0       0       0       0       0       0       0       0       0       0
      Totals:         4       5       0       0       0       0       0       0       0       0       0       0       0       0
Total ram usage:        9 bytes
 Hardware stack levels used:    1
 Hardware stack levels required when called:    2
 This function calls:
		_fputc
 This function is called by:
		_vfprintf
 This function uses a non-reentrant model


 *************** function _fputc *****************
 Defined at:
		line 8 in file "/opt/microchip/xc8/v2.05/pic/sources/c99/common/nf_fputc.c"
 Parameters:    Size  Location     Type
  c               2    1[COMMON] int 
  fp              1    3[COMMON] PTR struct _IO_FILE
		 -> NULL(0), 
 Auto vars:     Size  Location     Type
		None
 Return value:  Size  Location     Type
                  2    1[COMMON] int 
 Registers used:
		wreg, fsr1l, fsr1h, status,2, status,0, pclath, cstack
 Tracked objects:
		On entry : 
		On exit  : 
		Unchanged: 
 Data sizes:     COMMON   BANK0   BANK1   BANK2   BANK3   BANK4   BANK5   BANK6   BANK7   BANK8   BANK9  BANK10  BANK11  BANK12
      Params:         3       0       0       0       0       0       0       0       0       0       0       0       0       0
      Locals:         0       0       0       0       0       0       0       0       0       0       0       0       0       0
      Temps:          5       0       0       0       0       0       0       0       0       0       0       0       0       0
      Totals:         8       0       0       0       0       0       0       0       0       0       0       0       0       0
Total ram usage:        8 bytes
 Hardware stack levels used:    1
 Hardware stack levels required when called:    1
 This function calls:
		_putch
 This function is called by:
		_vfpfcnvrt
 This function uses a non-reentrant model


 *************** function _putch *****************
 Defined at:
		line 31 in file "UART_funcs.c"
 Parameters:    Size  Location     Type
  byte            1    wreg     unsigned char 
 Auto vars:     Size  Location     Type
  byte            1    0[COMMON] unsigned char 
 Return value:  Size  Location     Type
                  1    wreg      void 
 Registers used:
		wreg
 Tracked objects:
		On entry : 
		On exit  : 
		Unchanged: 
 Data sizes:     COMMON   BANK0   BANK1   BANK2   BANK3   BANK4   BANK5   BANK6   BANK7   BANK8   BANK9  BANK10  BANK11  BANK12
      Params:         0       0       0       0       0       0       0       0       0       0       0       0       0       0
      Locals:         1       0       0       0       0       0       0       0       0       0       0       0       0       0
      Temps:          0       0       0       0       0       0       0       0       0       0       0       0       0       0
      Totals:         1       0       0       0       0       0       0       0       0       0       0       0       0       0
Total ram usage:        1 bytes
 Hardware stack levels used:    1
 This function calls:
		Nothing
 This function is called by:
		_fputc
 This function uses a non-reentrant model


 *************** function _printIntSerial *****************
 Defined at:
		line 45 in file "UART_funcs.c"
 Parameters:    Size  Location     Type
  intToSend       2    0[COMMON] int 
 Auto vars:     Size  Location     Type
		None
 Return value:  Size  Location     Type
                  1    wreg      void 
 Registers used:
		wreg
 Tracked objects:
		On entry : 
		On exit  : 
		Unchanged: 
 Data sizes:     COMMON   BANK0   BANK1   BANK2   BANK3   BANK4   BANK5   BANK6   BANK7   BANK8   BANK9  BANK10  BANK11  BANK12
      Params:         2       0       0       0       0       0       0       0       0       0       0       0       0       0
      Locals:         0       0       0       0       0       0       0       0       0       0       0       0       0       0
      Temps:          0       0       0       0       0       0       0       0       0       0       0       0       0       0
      Totals:         2       0       0       0       0       0       0       0       0       0       0       0       0       0
Total ram usage:        2 bytes
 Hardware stack levels used:    1
 This function calls:
		Nothing
 This function is called by:
		_ISR
 This function uses a non-reentrant model


 *************** function _ADC_read_high *****************
 Defined at:
		line 56 in file "ADC_funcs.c"
 Parameters:    Size  Location     Type
		None
 Auto vars:     Size  Location     Type
		None
 Return value:  Size  Location     Type
                  2    0[COMMON] unsigned int 
 Registers used:
		wreg
 Tracked objects:
		On entry : 
		On exit  : 
		Unchanged: 
 Data sizes:     COMMON   BANK0   BANK1   BANK2   BANK3   BANK4   BANK5   BANK6   BANK7   BANK8   BANK9  BANK10  BANK11  BANK12
      Params:         2       0       0       0       0       0       0       0       0       0       0       0       0       0
      Locals:         0       0       0       0       0       0       0       0       0       0       0       0       0       0
      Temps:          2       0       0       0       0       0       0       0       0       0       0       0       0       0
      Totals:         4       0       0       0       0       0       0       0       0       0       0       0       0       0
Total ram usage:        4 bytes
 Hardware stack levels used:    1
 This function calls:
		Nothing
 This function is called by:
		_ISR
 This function uses a non-reentrant model


 *************** function _ADC_read *****************
 Defined at:
		line 51 in file "ADC_funcs.c"
 Parameters:    Size  Location     Type
		None
 Auto vars:     Size  Location     Type
		None
 Return value:  Size  Location     Type
                  2    0[COMMON] unsigned int 
 Registers used:
		wreg
 Tracked objects:
		On entry : 
		On exit  : 
		Unchanged: 
 Data sizes:     COMMON   BANK0   BANK1   BANK2   BANK3   BANK4   BANK5   BANK6   BANK7   BANK8   BANK9  BANK10  BANK11  BANK12
      Params:         2       0       0       0       0       0       0       0       0       0       0       0       0       0
      Locals:         0       0       0       0       0       0       0       0       0       0       0       0       0       0
      Temps:          2       0       0       0       0       0       0       0       0       0       0       0       0       0
      Totals:         4       0       0       0       0       0       0       0       0       0       0       0       0       0
Total ram usage:        4 bytes
 Hardware stack levels used:    1
 This function calls:
		Nothing
 This function is called by:
		_ISR
 This function uses a non-reentrant model



MODULE INFORMATION

Module		Function		Class		Link	Load	Size
ADC_funcs.c
		_ADC_read      		CODE           	031C	0000	12
		_ADC_init      		CODE           	00ED	0000	154
		_ADC_read_high 		CODE           	0311	0000	12

ADC_funcs.c estimated size: 178

/opt/microchip/xc8/v2.05/pic/sources/c99/common/nf_fputc.c
		_fputc         		CODE           	0282	0000	54

/opt/microchip/xc8/v2.05/pic/sources/c99/common/nf_fputc.c estimated size: 54

/opt/microchip/xc8/v2.05/pic/sources/c99/common/printf.c
		_printf        		CODE           	02F5	0000	18

/opt/microchip/xc8/v2.05/pic/sources/c99/common/printf.c estimated size: 18

shared
		__initialization		CODE           	003C	0000	16

shared estimated size: 16

UART_funcs.c
		_putch         		CODE           	0306	0000	12
		_init_UART     		CODE           	0208	0000	123
		_readSerial    		CODE           	0334	0000	4
		_printIntSerial		CODE           	032D	0000	5

UART_funcs.c estimated size: 144

main.c
		_ISR           		CODE           	0004	0000	55
		_main          		CODE           	02DD	0000	25

main.c estimated size: 80

/opt/microchip/xc8/v2.05/pic/sources/c99/common/doprnt.c
		_vfpfcnvrt     		CODE           	004F	0000	159
		_vfprintf      		CODE           	02B7	0000	39

/opt/microchip/xc8/v2.05/pic/sources/c99/common/doprnt.c estimated size: 198

/opt/microchip/xc8/v2.05/pic/sources/c99/common/aldiv.c
		___aldiv       		CODE           	0186	0000	131

/opt/microchip/xc8/v2.05/pic/sources/c99/common/aldiv.c estimated size: 131

